Product: MDK-ARM Standard 5.10
Component: ARM Compiler 5.04 update 1 (build 49)
Tool: armlink [5040049]

==============================================================================

Section Cross References

    main.o(.text) refers to bsp.o(.text) for board_init
    main.o(.text) refers to application.o(.text) for device_init
    stm32f4xx_it.o(.text) refers to myfunction.o(.text) for TimingDelay_Decrement
    stm32f4xx_it.o(.text) refers to stm32f4xx_usart.o(.text) for USART_GetFlagStatus
    stm32f4xx_it.o(.text) refers to uart_state.o(.text) for UartAdd
    application.o(.text) refers to lcd.o(.text) for LCD_Init
    application.o(.text) refers to uart_state.o(.text) for UartState_init
    application.o(.text) refers to oled.o(.text) for OLED_Init
    application.o(.text) refers to stm32f4xx_gpio.o(.text) for GPIO_SetBits
    filter.o(.text) refers to dfltui.o(.text) for __aeabi_ui2d
    filter.o(.text) refers to dmul.o(.text) for __aeabi_dmul
    filter.o(.text) refers to dflti.o(.text) for __aeabi_i2d
    filter.o(.text) refers to dadd.o(.text) for __aeabi_dadd
    filter.o(.text) refers to dfixui.o(.text) for __aeabi_d2uiz
    filter.o(.text) refers to memseta.o(.text) for __aeabi_memclr4
    filter.o(.text) refers to ffltui.o(.text) for __aeabi_ui2f
    filter.o(.text) refers to fadd.o(.text) for __aeabi_fadd
    filter.o(.text) refers to fmul.o(.text) for __aeabi_fmul
    filter.o(.text) refers to ffixui.o(.text) for __aeabi_f2uiz
    filter.o(.text) refers to filter.o(.data) for angle
    filter.o(.text) refers to filter.o(.bss) for adcfilter_history
    pid.o(.text) refers to fmul.o(.text) for __aeabi_fmul
    pid.o(.text) refers to fadd.o(.text) for __aeabi_fadd
    pid.o(.text) refers to f2d.o(.text) for __aeabi_f2d
    pid.o(.text) refers to cdcmple.o(.text) for __aeabi_cdcmple
    pid.o(.text) refers to cdrcmple.o(.text) for __aeabi_cdrcmple
    pid.o(.text) refers to ffixi.o(.text) for __aeabi_f2iz
    pid.o(.text) refers to pid.o(.bss) for pid
    pid.o(.text) refers to pid.o(.data) for pid_accumulate
    visual scope.o(.text) refers to stm32f4xx_usart.o(.text) for USART_SendData
    uart_state.o(.text) refers to printf5.o(i.__0printf$5) for __2printf
    uart_state.o(.text) refers to uart_state.o(.bss) for uart_queue
    uart_state.o(.text) refers to uart_state.o(.data) for state
    24l01.o(.text) refers to stm32f4xx_gpio.o(.text) for GPIO_PinAFConfig
    24l01.o(.text) refers to stm32f4xx_spi.o(.text) for SPI_Cmd
    24l01.o(.text) refers to stm32f4xx_rcc.o(.text) for RCC_APB1PeriphClockCmd
    24l01.o(.text) refers to 24l01.o(.constdata) for RX_ADDRESS
    dcmi_ov7620.o(.text) refers to stm32f4xx_rcc.o(.text) for RCC_AHB1PeriphClockCmd
    dcmi_ov7620.o(.text) refers to stm32f4xx_gpio.o(.text) for GPIO_Init
    dcmi_ov7620.o(.text) refers to stm32f4xx_dcmi.o(.text) for DCMI_Init
    dcmi_ov7620.o(.text) refers to misc.o(.text) for NVIC_PriorityGroupConfig
    dcmi_ov7620.o(.text) refers to stm32f4xx_dma.o(.text) for DMA_Init
    key.o(.text) refers to stm32f4xx_gpio.o(.text) for GPIO_Init
    key.o(.text) refers to stm32f4xx_syscfg.o(.text) for SYSCFG_EXTILineConfig
    key.o(.text) refers to misc.o(.text) for NVIC_Init
    key.o(.text) refers to stm32f4xx_exti.o(.text) for EXTI_Init
    lcd.o(.text) refers to myfunction.o(.text) for delay_us
    lcd.o(.text) refers to lcd.o(.bss) for lcddev
    lcd.o(.text) refers to stm32f4xx_rcc.o(.text) for RCC_AHB3PeriphClockCmd
    lcd.o(.text) refers to stm32f4xx_gpio.o(.text) for GPIO_Init
    lcd.o(.text) refers to stm32f4xx_fsmc.o(.text) for FSMC_NORSRAMCmd
    lcd.o(.text) refers to lcd.o(.data) for POINT_COLOR
    lcd.o(.text) refers to printf5.o(i.__0printf$5) for __2printf
    lcd.o(.text) refers to lcd.o(.constdata) for asc2_1206
    5110.o(.text) refers to stm32f4xx_gpio.o(.text) for GPIO_ResetBits
    5110.o(.text) refers to myfunction.o(.text) for delay_ms
    5110.o(.text) refers to 5110.o(.constdata) for font6x8
    oled.o(.text) refers to stm32f4xx_gpio.o(.text) for GPIO_Init
    oled.o(.text) refers to myfunction.o(.text) for delay_ms
    oled.o(.text) refers to oled.o(.constdata) for F6x8
    oled.o(.text) refers to oled.o(.bss) for OLED_GRAM
    adc.o(.text) refers to stm32f4xx_rcc.o(.text) for RCC_AHB1PeriphClockCmd
    adc.o(.text) refers to stm32f4xx_dma.o(.text) for DMA_Init
    adc.o(.text) refers to stm32f4xx_gpio.o(.text) for GPIO_Init
    adc.o(.text) refers to stm32f4xx_adc.o(.text) for ADC_CommonInit
    adc.o(.text) refers to adc.o(.bss) for adc
    bsp.o(.text) refers to stm32f4xx_gpio.o(.text) for GPIO_Init
    bsp.o(.text) refers to system_config.o(.text) for RCC_Config
    bsp.o(.text) refers to misc.o(.text) for NVIC_PriorityGroupConfig
    bsp.o(.text) refers to myfunction.o(.text) for delay_init
    bsp.o(.text) refers to usart_config.o(.text) for USART_Config
    counter.o(.text) refers to stm32f4xx_gpio.o(.text) for GPIO_StructInit
    counter.o(.text) refers to stm32f4xx_tim.o(.text) for TIM_DeInit
[...]
    printfb.o(i.__0vprintf$bare) refers to printfb.o(i._printf_core) for _printf_core
    printfb.o(i.__0vprintf$bare) refers to myfunction.o(.text) for fputc
    printfb.o(i.__0vprintf$bare) refers to stdout.o(.data) for __stdout
    printfb.o(i.__0vsnprintf$bare) refers to printfb.o(i._printf_core) for _printf_core
    printfb.o(i.__0vsnprintf$bare) refers to printfb.o(i._snputc) for _snputc
    printfb.o(i.__0vsprintf$bare) refers to printfb.o(i._printf_core) for _printf_core
    printfb.o(i.__0vsprintf$bare) refers to printfb.o(i._sputc) for _sputc
    printf0.o(i.__0fprintf$0) refers to printf0.o(i._printf_core) for _printf_core
    printf0.o(i.__0fprintf$0) refers to myfunction.o(.text) for fputc
    printf0.o(i.__0printf$0) refers to printf0.o(i._printf_core) for _printf_core
    printf0.o(i.__0printf$0) refers to myfunction.o(.text) for fputc
    printf0.o(i.__0printf$0) refers to stdout.o(.data) for __stdout
    printf0.o(i.__0snprintf$0) refers to printf0.o(i._printf_core) for _printf_core
    printf0.o(i.__0snprintf$0) refers to printf0.o(i._snputc) for _snputc
    printf0.o(i.__0sprintf$0) refers to printf0.o(i._printf_core) for _printf_core
    printf0.o(i.__0sprintf$0) refers to printf0.o(i._sputc) for _sputc
    printf0.o(i.__0vfprintf$0) refers to printf0.o(i._printf_core) for _printf_core
    printf0.o(i.__0vfprintf$0) refers to myfunction.o(.text) for fputc
    printf0.o(i.__0vprintf$0) refers to printf0.o(i._printf_core) for _printf_core
    printf0.o(i.__0vprintf$0) refers to myfunction.o(.text) for fputc
    printf0.o(i.__0vprintf$0) refers to stdout.o(.data) for __stdout
    printf0.o(i.__0vsnprintf$0) refers to printf0.o(i._printf_core) for _printf_core
    printf0.o(i.__0vsnprintf$0) refers to printf0.o(i._snputc) for _snputc
    printf0.o(i.__0vsprintf$0) refers to printf0.o(i._printf_core) for _printf_core
    printf0.o(i.__0vsprintf$0) refers to printf0.o(i._sputc) for _sputc
    printf1.o(i.__0fprintf$1) refers to printf1.o(i._printf_core) for _printf_core
    printf1.o(i.__0fprintf$1) refers to myfunction.o(.text) for fputc
    printf1.o(i.__0printf$1) refers to printf1.o(i._printf_core) for _printf_core
    printf1.o(i.__0printf$1) refers to myfunction.o(.text) for fputc
    printf1.o(i.__0printf$1) refers to stdout.o(.data) for __stdout
    printf1.o(i.__0snprintf$1) refers to printf1.o(i._printf_core) for _printf_core
    printf1.o(i.__0snprintf$1) refers to printf1.o(i._snputc) for _snputc
    printf1.o(i.__0sprintf$1) refers to printf1.o(i._printf_core) for _printf_core
    printf1.o(i.__0sprintf$1) refers to printf1.o(i._sputc) for _sputc
    printf1.o(i.__0vfprintf$1) refers to printf1.o(i._printf_core) for _printf_core
    printf1.o(i.__0vfprintf$1) refers to myfunction.o(.text) for fputc
    printf1.o(i.__0vprintf$1) refers to printf1.o(i._printf_core) for _printf_core
    printf1.o(i.__0vprintf$1) refers to myfunction.o(.text) for fputc
    printf1.o(i.__0vprintf$1) refers to stdout.o(.data) for __stdout
    printf1.o(i.__0vsnprintf$1) refers to printf1.o(i._printf_core) for _printf_core
    printf1.o(i.__0vsnprintf$1) refers to printf1.o(i._snputc) for _snputc
    printf1.o(i.__0vsprintf$1) refers to printf1.o(i._printf_core) for _printf_core
    printf1.o(i.__0vsprintf$1) refers to printf1.o(i._sputc) for _sputc
    printf1.o(i._printf_core) refers to uidiv.o(.text) for __aeabi_uidivmod
    printf2.o(i.__0fprintf$2) refers to printf2.o(i._printf_core) for _printf_core
    printf2.o(i.__0fprintf$2) refers to myfunction.o(.text) for fputc
    printf2.o(i.__0printf$2) refers to printf2.o(i._printf_core) for _printf_core
    printf2.o(i.__0printf$2) refers to myfunction.o(.text) for fputc
    printf2.o(i.__0printf$2) refers to stdout.o(.data) for __stdout
    printf2.o(i.__0snprintf$2) refers to printf2.o(i._printf_core) for _printf_core
    printf2.o(i.__0snprintf$2) refers to printf2.o(i._snputc) for _snputc
    printf2.o(i.__0sprintf$2) refers to printf2.o(i._printf_core) for _printf_core
    printf2.o(i.__0sprintf$2) refers to printf2.o(i._sputc) for _sputc
    printf2.o(i.__0vfprintf$2) refers to printf2.o(i._printf_core) for _printf_core
    printf2.o(i.__0vfprintf$2) refers to myfunction.o(.text) for fputc
    printf2.o(i.__0vprintf$2) refers to printf2.o(i._printf_core) for _printf_core
    printf2.o(i.__0vprintf$2) refers to myfunction.o(.text) for fputc
    printf2.o(i.__0vprintf$2) refers to stdout.o(.data) for __stdout
    printf2.o(i.__0vsnprintf$2) refers to printf2.o(i._printf_core) for _printf_core
    printf2.o(i.__0vsnprintf$2) refers to printf2.o(i._snputc) for _snputc
    printf2.o(i.__0vsprintf$2) refers to printf2.o(i._printf_core) for _printf_core
    printf2.o(i.__0vsprintf$2) refers to printf2.o(i._sputc) for _sputc
    printf3.o(i.__0fprintf$3) refers to printf3.o(i._printf_core) for _printf_core
    printf3.o(i.__0fprintf$3) refers to myfunction.o(.text) for fputc
    printf3.o(i.__0printf$3) refers to printf3.o(i._printf_core) for _printf_core
    printf3.o(i.__0printf$3) refers to myfunction.o(.text) for fputc
    printf3.o(i.__0printf$3) refers to stdout.o(.data) for __stdout
    printf3.o(i.__0snprintf$3) refers to printf3.o(i._printf_core) for _printf_core
    printf3.o(i.__0snprintf$3) refers to printf3.o(i._snputc) for _snputc
    printf3.o(i.__0sprintf$3) refers to printf3.o(i._printf_core) for _printf_core
    printf3.o(i.__0sprintf$3) refers to printf3.o(i._sputc) for _sputc
    printf3.o(i.__0vfprintf$3) refers to printf3.o(i._printf_core) for _printf_core
    printf3.o(i.__0vfprintf$3) refers to myfunction.o(.text) for fputc
    printf3.o(i.__0vprintf$3) refers to printf3.o(i._printf_core) for _printf_core
    printf3.o(i.__0vprintf$3) refers to myfunction.o(.text) for fputc
    printf3.o(i.__0vprintf$3) refers to stdout.o(.data) for __stdout
    printf3.o(i.__0vsnprintf$3) refers to printf3.o(i._printf_core) for _printf_core
    printf3.o(i.__0vsnprintf$3) refers to printf3.o(i._snputc) for _snputc
    printf3.o(i.__0vsprintf$3) refers to printf3.o(i._printf_core) for _printf_core
    printf3.o(i.__0vsprintf$3) refers to printf3.o(i._sputc) for _sputc
    printf3.o(i._printf_core) refers to uidiv.o(.text) for __aeabi_uidivmod
    printf4.o(i.__0fprintf$4) refers to printf4.o(i._printf_core) for _printf_core
    printf4.o(i.__0fprintf$4) refers to myfunction.o(.text) for fputc
    printf4.o(i.__0printf$4) refers to printf4.o(i._printf_core) for _printf_core
    printf4.o(i.__0printf$4) refers to myfunction.o(.text) for fputc
    printf4.o(i.__0printf$4) refers to stdout.o(.data) for __stdout
    printf4.o(i.__0snprintf$4) refers to printf4.o(i._printf_core) for _printf_core
    printf4.o(i.__0snprintf$4) refers to printf4.o(i._snputc) for _snputc
    printf4.o(i.__0sprintf$4) refers to printf4.o(i._printf_core) for _printf_core
    printf4.o(i.__0sprintf$4) refers to printf4.o(i._sputc) for _sputc
    printf4.o(i.__0vfprintf$4) refers to printf4.o(i._printf_core) for _printf_core
    printf4.o(i.__0vfprintf$4) refers to myfunction.o(.text) for fputc
    printf4.o(i.__0vprintf$4) refers to printf4.o(i._printf_core) for _printf_core
    printf4.o(i.__0vprintf$4) refers to myfunction.o(.text) for fputc
    printf4.o(i.__0vprintf$4) refers to stdout.o(.data) for __stdout
    printf4.o(i.__0vsnprintf$4) refers to printf4.o(i._printf_core) for _printf_core
    printf4.o(i.__0vsnprintf$4) refers to printf4.o(i._snputc) for _snputc
    printf4.o(i.__0vsprintf$4) refers to printf4.o(i._printf_core) for _printf_core
    printf4.o(i.__0vsprintf$4) refers to printf4.o(i._sputc) for _sputc
    printf4.o(i._printf_core) refers to uldiv.o(.text) for __aeabi_uldivmod
    printf5.o(i.__0fprintf$5) refers to printf5.o(i._printf_core) for _printf_core
    printf5.o(i.__0fprintf$5) refers to myfunction.o(.text) for fputc
    printf5.o(i.__0printf$5) refers to printf5.o(i._printf_core) for _printf_core
    printf5.o(i.__0printf$5) refers to myfunction.o(.text) for fputc
    printf5.o(i.__0printf$5) refers to stdout.o(.data) for __stdout
    printf5.o(i.__0snprintf$5) refers to printf5.o(i._printf_core) for _printf_core
    printf5.o(i.__0snprintf$5) refers to printf5.o(i._snputc) for _snputc
    printf5.o(i.__0sprintf$5) refers to printf5.o(i._printf_core) for _printf_core
    printf5.o(i.__0sprintf$5) refers to printf5.o(i._sputc) for _sputc
    printf5.o(i.__0vfprintf$5) refers to printf5.o(i._printf_core) for _printf_core
    printf5.o(i.__0vfprintf$5) refers to myfunction.o(.text) for fputc
    printf5.o(i.__0vprintf$5) refers to printf5.o(i._printf_core) for _printf_core
    printf5.o(i.__0vprintf$5) refers to myfunction.o(.text) for fputc
    printf5.o(i.__0vprintf$5) refers to stdout.o(.data) for __stdout
    printf5.o(i.__0vsnprintf$5) refers to printf5.o(i._printf_core) for _printf_core
    printf5.o(i.__0vsnprintf$5) refers to printf5.o(i._snputc) for _snputc
    printf5.o(i.__0vsprintf$5) refers to printf5.o(i._printf_core) for _printf_core
    printf5.o(i.__0vsprintf$5) refers to printf5.o(i._sputc) for _sputc
    printf5.o(i._printf_core) refers to uldiv.o(.text) for __aeabi_uldivmod
    printf6.o(i.__0fprintf$6) refers to printf6.o(i._printf_core) for _printf_core
    printf6.o(i.__0fprintf$6) refers to myfunction.o(.text) for fputc
    printf6.o(i.__0printf$6) refers to printf6.o(i._printf_core) for _printf_core
    printf6.o(i.__0printf$6) refers to myfunction.o(.text) for fputc
    printf6.o(i.__0printf$6) refers to stdout.o(.data) for __stdout
    printf6.o(i.__0snprintf$6) refers to printf6.o(i._printf_core) for _printf_core
    printf6.o(i.__0snprintf$6) refers to printf6.o(i._snputc) for _snputc
    printf6.o(i.__0sprintf$6) refers to printf6.o(i._printf_core) for _printf_core
    printf6.o(i.__0sprintf$6) refers to printf6.o(i._sputc) for _sputc
    printf6.o(i.__0vfprintf$6) refers to printf6.o(i._printf_core) for _printf_core
    printf6.o(i.__0vfprintf$6) refers to myfunction.o(.text) for fputc
    printf6.o(i.__0vprintf$6) refers to printf6.o(i._printf_core) for _printf_core
    printf6.o(i.__0vprintf$6) refers to myfunction.o(.text) for fputc
    printf6.o(i.__0vprintf$6) refers to stdout.o(.data) for __stdout
    printf6.o(i.__0vsnprintf$6) refers to printf6.o(i._printf_core) for _printf_core
    printf6.o(i.__0vsnprintf$6) refers to printf6.o(i._snputc) for _snputc
    printf6.o(i.__0vsprintf$6) refers to printf6.o(i._printf_core) for _printf_core
    printf6.o(i.__0vsprintf$6) refers to printf6.o(i._sputc) for _sputc
    printf6.o(i._printf_core) refers to printf6.o(i._printf_pre_padding) for _printf_pre_padding
    printf6.o(i._printf_core) refers to uidiv.o(.text) for __aeabi_uidivmod
    printf6.o(i._printf_core) refers to printf6.o(i._printf_post_padding) for _printf_post_padding
    printf7.o(i.__0fprintf$7) refers to printf7.o(i._printf_core) for _printf_core
    printf7.o(i.__0fprintf$7) refers to myfunction.o(.text) for fputc
    printf7.o(i.__0printf$7) refers to printf7.o(i._printf_core) for _printf_core
    printf7.o(i.__0printf$7) refers to myfunction.o(.text) for fputc
    printf7.o(i.__0printf$7) refers to stdout.o(.data) for __stdout
    printf7.o(i.__0snprintf$7) refers to printf7.o(i._printf_core) for _printf_core
    printf7.o(i.__0snprintf$7) refers to printf7.o(i._snputc) for _snputc
    printf7.o(i.__0sprintf$7) refers to printf7.o(i._printf_core) for _printf_core
    printf7.o(i.__0sprintf$7) refers to printf7.o(i._sputc) for _sputc
    printf7.o(i.__0vfprintf$7) refers to printf7.o(i._printf_core) for _printf_core
    printf7.o(i.__0vfprintf$7) refers to myfunction.o(.text) for fputc
    printf7.o(i.__0vprintf$7) refers to printf7.o(i._printf_core) for _printf_core
    printf7.o(i.__0vprintf$7) refers to myfunction.o(.text) for fputc
    printf7.o(i.__0vprintf$7) refers to stdout.o(.data) for __stdout
    printf7.o(i.__0vsnprintf$7) refers to printf7.o(i._printf_core) for _printf_core
    printf7.o(i.__0vsnprintf$7) refers to printf7.o(i._snputc) for _snputc
    printf7.o(i.__0vsprintf$7) refers to printf7.o(i._printf_core) for _printf_core
    printf7.o(i.__0vsprintf$7) refers to printf7.o(i._sputc) for _sputc
    printf7.o(i._printf_core) refers to printf7.o(i._printf_pre_padding) for _printf_pre_padding
    printf7.o(i._printf_core) refers to uldiv.o(.text) for __aeabi_uldivmod
    printf7.o(i._printf_core) refers to printf7.o(i._printf_post_padding) for _printf_post_padding
    printf8.o(i.__0fprintf$8) refers to printf8.o(i._printf_core) for _printf_core
    printf8.o(i.__0fprintf$8) refers to myfunction.o(.text) for fputc
    printf8.o(i.__0printf$8) refers to printf8.o(i._printf_core) for _printf_core
    printf8.o(i.__0printf$8) refers to myfunction.o(.text) for fputc
    printf8.o(i.__0printf$8) refers to stdout.o(.data) for __stdout
    printf8.o(i.__0snprintf$8) refers to printf8.o(i._printf_core) for _printf_core
    printf8.o(i.__0snprintf$8) refers to printf8.o(i._snputc) for _snputc
    printf8.o(i.__0sprintf$8) refers to printf8.o(i._printf_core) for _printf_core
    printf8.o(i.__0sprintf$8) refers to printf8.o(i._sputc) for _sputc
    printf8.o(i.__0vfprintf$8) refers to printf8.o(i._printf_core) for _printf_core
    printf8.o(i.__0vfprintf$8) refers to myfunction.o(.text) for fputc
    printf8.o(i.__0vprintf$8) refers to printf8.o(i._printf_core) for _printf_core
    printf8.o(i.__0vprintf$8) refers to myfunction.o(.text) for fputc
    printf8.o(i.__0vprintf$8) refers to stdout.o(.data) for __stdout
    printf8.o(i.__0vsnprintf$8) refers to printf8.o(i._printf_core) for _printf_core
    printf8.o(i.__0vsnprintf$8) refers to printf8.o(i._snputc) for _snputc
    printf8.o(i.__0vsprintf$8) refers to printf8.o(i._printf_core) for _printf_core
    printf8.o(i.__0vsprintf$8) refers to printf8.o(i._sputc) for _sputc
    printf8.o(i._printf_core) refers to printf8.o(i._printf_pre_padding) for _printf_pre_padding
    printf8.o(i._printf_core) refers to uldiv.o(.text) for __aeabi_uldivmod
    printf8.o(i._printf_core) refers to printf8.o(i._printf_post_padding) for _printf_post_padding
    printfa.o(i.__0fprintf) refers (Special) to iusefp.o(.text) for __I$use$fp
    printfa.o(i.__0fprintf) refers to printfa.o(i._printf_core) for _printf_core
    printfa.o(i.__0fprintf) refers to myfunction.o(.text) for fputc
    printfa.o(i.__0printf) refers (Special) to iusefp.o(.text) for __I$use$fp
    printfa.o(i.__0printf) refers to printfa.o(i._printf_core) for _printf_core
    printfa.o(i.__0printf) refers to myfunction.o(.text) for fputc
    printfa.o(i.__0printf) refers to stdout.o(.data) for __stdout
    printfa.o(i.__0snprintf) refers (Special) to iusefp.o(.text) for __I$use$fp
    printfa.o(i.__0snprintf) refers to printfa.o(i._printf_core) for _printf_core
    printfa.o(i.__0snprintf) refers to printfa.o(i._snputc) for _snputc
    printfa.o(i.__0sprintf) refers (Special) to iusefp.o(.text) for __I$use$fp
    printfa.o(i.__0sprintf) refers to printfa.o(i._printf_core) for _printf_core
    printfa.o(i.__0sprintf) refers to printfa.o(i._sputc) for _sputc
    printfa.o(i.__0vfprintf) refers (Special) to iusefp.o(.text) for __I$use$fp
    printfa.o(i.__0vfprintf) refers to printfa.o(i._printf_core) for _printf_core
    printfa.o(i.__0vfprintf) refers to myfunction.o(.text) for fputc
    printfa.o(i.__0vprintf) refers (Special) to iusefp.o(.text) for __I$use$fp
    printfa.o(i.__0vprintf) refers to printfa.o(i._printf_core) for _printf_core
    printfa.o(i.__0vprintf) refers to myfunction.o(.text) for fputc
    printfa.o(i.__0vprintf) refers to stdout.o(.data) for __stdout
    printfa.o(i.__0vsnprintf) refers (Special) to iusefp.o(.text) for __I$use$fp
    printfa.o(i.__0vsnprintf) refers to printfa.o(i._printf_core) for _printf_core
    printfa.o(i.__0vsnprintf) refers to printfa.o(i._snputc) for _snputc
    printfa.o(i.__0vsprintf) refers (Special) to iusefp.o(.text) for __I$use$fp
    printfa.o(i.__0vsprintf) refers to printfa.o(i._printf_core) for _printf_core
    printfa.o(i.__0vsprintf) refers to printfa.o(i._sputc) for _sputc
    printfa.o(i._fp_digits) refers (Special) to iusefp.o(.text) for __I$use$fp
    printfa.o(i._fp_digits) refers to dmul.o(.text) for __aeabi_dmul
    printfa.o(i._fp_digits) refers to ddiv.o(.text) for __aeabi_ddiv
    printfa.o(i._fp_digits) refers to cdrcmple.o(.text) for __aeabi_cdrcmple
    printfa.o(i._fp_digits) refers to dadd.o(.text) for __aeabi_dadd
    printfa.o(i._fp_digits) refers to dfixul.o(.text) for __aeabi_d2ulz
    printfa.o(i._fp_digits) refers to uldiv.o(.text) for __aeabi_uldivmod
    printfa.o(i._printf_core) refers (Special) to iusefp.o(.text) for __I$use$fp
    printfa.o(i._printf_core) refers to printfa.o(i._printf_pre_padding) for _printf_pre_padding
    printfa.o(i._printf_core) refers to uldiv.o(.text) for __aeabi_uldivmod
    printfa.o(i._printf_core) refers to printfa.o(i._printf_post_padding) for _printf_post_padding
    printfa.o(i._printf_core) refers to printfa.o(i._fp_digits) for _fp_digits
    printfa.o(i._printf_core) refers to uidiv.o(.text) for __aeabi_uidivmod
    printfa.o(i._printf_post_padding) refers (Special) to iusefp.o(.text) for __I$use$fp
    printfa.o(i._printf_pre_padding) refers (Special) to iusefp.o(.text) for __I$use$fp
    printfa.o(i._snputc) refers (Special) to iusefp.o(.text) for __I$use$fp
    printfa.o(i._sputc) refers (Special) to iusefp.o(.text) for __I$use$fp
    fadd.o(.text) refers (Special) to iusefp.o(.text) for __I$use$fp
    fadd.o(.text) refers to fepilogue.o(.text) for _float_epilogue
    fmul.o(.text) refers (Special) to iusefp.o(.text) for __I$use$fp
    dadd.o(.text) refers (Special) to iusefp.o(.text) for __I$use$fp
    dadd.o(.text) refers to llshl.o(.text) for __aeabi_llsl
    dadd.o(.text) refers to llsshr.o(.text) for __aeabi_lasr
    dadd.o(.text) refers to depilogue.o(.text) for _double_epilogue
    dmul.o(.text) refers (Special) to iusefp.o(.text) for __I$use$fp
    dmul.o(.text) refers to depilogue.o(.text) for _double_epilogue
    ffltui.o(.text) refers (Special) to iusefp.o(.text) for __I$use$fp
    ffltui.o(.text) refers to fepilogue.o(.text) for _float_epilogue
    dflti.o(.text) refers (Special) to iusefp.o(.text) for __I$use$fp
    dflti.o(.text) refers to depilogue.o(.text) for _double_epilogue
    dfltui.o(.text) refers (Special) to iusefp.o(.text) for __I$use$fp
    dfltui.o(.text) refers to depilogue.o(.text) for _double_epilogue
    ffixi.o(.text) refers (Special) to iusefp.o(.text) for __I$use$fp
    ffixui.o(.text) refers (Special) to iusefp.o(.text) for __I$use$fp
    dfixui.o(.text) refers (Special) to iusefp.o(.text) for __I$use$fp
    dfixui.o(.text) refers to llushr.o(.text) for __aeabi_llsr
    f2d.o(.text) refers (Special) to iusefp.o(.text) for __I$use$fp
    cdcmple.o(.text) refers (Special) to iusefp.o(.text) for __I$use$fp
    cdrcmple.o(.text) refers (Special) to iusefp.o(.text) for __I$use$fp
    entry2.o(.ARM.Collect$$$$00000001) refers to entry2.o(.ARM.Collect$$$$00002712) for __lit__00000000
    entry2.o(.ARM.Collect$$$$00002712) refers to startup_stm32f4xx.o(STACK) for __initial_sp
    entry2.o(__vectab_stack_and_reset_area) refers to startup_stm32f4xx.o(STACK) for __initial_sp
    entry2.o(__vectab_stack_and_reset_area) refers to entry.o(.ARM.Collect$$$$00000000) for __main
    entry5.o(.ARM.Collect$$$$00000004) refers to init.o(.text) for __scatterload
    entry9a.o(.ARM.Collect$$$$0000000B) refers to main.o(.text) for main
    entry9b.o(.ARM.Collect$$$$0000000C) refers to main.o(.text) for main
    uldiv.o(.text) refers to llushr.o(.text) for __aeabi_llsr
    uldiv.o(.text) refers to llshl.o(.text) for __aeabi_llsl
    depilogue.o(.text) refers to llshl.o(.text) for __aeabi_llsl
    depilogue.o(.text) refers to llushr.o(.text) for __aeabi_llsr
    ddiv.o(.text) refers to depilogue.o(.text) for _double_round
    dfixul.o(.text) refers to llushr.o(.text) for __aeabi_llsr
    dfixul.o(.text) refers to llshl.o(.text) for __aeabi_llsl
    init.o(.text) refers to entry5.o(.ARM.Collect$$$$00000004) for __main_after_scatterload


==============================================================================

Removing Unused input sections from the image.

    Removing main.o(.rev16_text), (4 bytes).
    Removing main.o(.revsh_text), (4 bytes).
    Removing stm32f4xx_it.o(.rev16_text), (4 bytes).
    Removing stm32f4xx_it.o(.revsh_text), (4 bytes).
    Removing application.o(.rev16_text), (4 bytes).
    Removing application.o(.revsh_text), (4 bytes).
    Removing filter.o(.rev16_text), (4 bytes).
    Removing filter.o(.revsh_text), (4 bytes).
    Removing filter.o(.text), (560 bytes).
    Removing filter.o(.bss), (170 bytes).
    Removing filter.o(.data), (3 bytes).
    Removing pid.o(.rev16_text), (4 bytes).
    Removing pid.o(.revsh_text), (4 bytes).
    Removing pid.o(.text), (196 bytes).
    Removing pid.o(.bss), (12 bytes).
    Removing pid.o(.data), (8 bytes).
    Removing visual scope.o(.rev16_text), (4 bytes).
    Removing visual scope.o(.revsh_text), (4 bytes).
    Removing visual scope.o(.text), (376 bytes).
    Removing uart_state.o(.rev16_text), (4 bytes).
    Removing uart_state.o(.revsh_text), (4 bytes).
    Removing 24l01.o(.rev16_text), (4 bytes).
    Removing 24l01.o(.revsh_text), (4 bytes).
    Removing 24l01.o(.text), (920 bytes).
    Removing 24l01.o(.constdata), (10 bytes).
    Removing dcmi_ov7620.o(.rev16_text), (4 bytes).
    Removing dcmi_ov7620.o(.revsh_text), (4 bytes).
    Removing dcmi_ov7620.o(.text), (492 bytes).
    Removing key.o(.rev16_text), (4 bytes).
    Removing key.o(.revsh_text), (4 bytes).
    Removing key.o(.text), (124 bytes).
    Removing lcd.o(.rev16_text), (4 bytes).
    Removing lcd.o(.revsh_text), (4 bytes).
    Removing 5110.o(.rev16_text), (4 bytes).
    Removing 5110.o(.revsh_text), (4 bytes).
    Removing 5110.o(.text), (1012 bytes).
    Removing 5110.o(.constdata), (1304 bytes).
    Removing oled.o(.rev16_text), (4 bytes).
    Removing oled.o(.revsh_text), (4 bytes).
    Removing adc.o(.rev16_text), (4 bytes).
    Removing adc.o(.revsh_text), (4 bytes).
    Removing adc.o(.text), (328 bytes).
    Removing adc.o(.bss), (10 bytes).
    Removing bsp.o(.rev16_text), (4 bytes).
    Removing bsp.o(.revsh_text), (4 bytes).
    Removing counter.o(.rev16_text), (4 bytes).
    Removing counter.o(.revsh_text), (4 bytes).
    Removing counter.o(.text), (432 bytes).
    Removing myfunction.o(.rev16_text), (4 bytes).
    Removing myfunction.o(.revsh_text), (4 bytes).
    Removing system_config.o(.rev16_text), (4 bytes).
    Removing system_config.o(.revsh_text), (4 bytes).
    Removing usart_config.o(.rev16_text), (4 bytes).
    Removing usart_config.o(.revsh_text), (4 bytes).
    Removing motorctl.o(.rev16_text), (4 bytes).
    Removing motorctl.o(.revsh_text), (4 bytes).
    Removing motorctl.o(.text), (644 bytes).
    Removing startup_stm32f4xx.o(HEAP), (512 bytes).
    Removing misc.o(.rev16_text), (4 bytes).
    Removing misc.o(.revsh_text), (4 bytes).
    Removing stm32f4xx_adc.o(.rev16_text), (4 bytes).
    Removing stm32f4xx_adc.o(.revsh_text), (4 bytes).
    Removing stm32f4xx_adc.o(.text), (1124 bytes).
    Removing stm32f4xx_can.o(.rev16_text), (4 bytes).
    Removing stm32f4xx_can.o(.revsh_text), (4 bytes).
    Removing stm32f4xx_can.o(.text), (2544 bytes).
    Removing stm32f4xx_crc.o(.rev16_text), (4 bytes).
    Removing stm32f4xx_crc.o(.revsh_text), (4 bytes).
    Removing stm32f4xx_crc.o(.text), (72 bytes).
    Removing stm32f4xx_cryp.o(.rev16_text), (4 bytes).
    Removing stm32f4xx_cryp.o(.revsh_text), (4 bytes).
    Removing stm32f4xx_cryp.o(.text), (660 bytes).
    Removing stm32f4xx_cryp_aes.o(.rev16_text), (4 bytes).
    Removing stm32f4xx_cryp_aes.o(.revsh_text), (4 bytes).
    Removing stm32f4xx_cryp_aes.o(.text), (1524 bytes).
    Removing stm32f4xx_cryp_des.o(.rev16_text), (4 bytes).
    Removing stm32f4xx_cryp_des.o(.revsh_text), (4 bytes).
    Removing stm32f4xx_cryp_des.o(.text), (468 bytes).
    Removing stm32f4xx_cryp_tdes.o(.rev16_text), (4 bytes).
    Removing stm32f4xx_cryp_tdes.o(.revsh_text), (4 bytes).
    Removing stm32f4xx_cryp_tdes.o(.text), (532 bytes).
    Removing stm32f4xx_dac.o(.rev16_text), (4 bytes).
    Removing stm32f4xx_dac.o(.revsh_text), (4 bytes).
    Removing stm32f4xx_dac.o(.text), (528 bytes).
    Removing stm32f4xx_dbgmcu.o(.rev16_text), (4 bytes).
    Removing stm32f4xx_dbgmcu.o(.revsh_text), (4 bytes).
    Removing stm32f4xx_dbgmcu.o(.text), (100 bytes).
    Removing stm32f4xx_dcmi.o(.rev16_text), (4 bytes).
    Removing stm32f4xx_dcmi.o(.revsh_text), (4 bytes).
    Removing stm32f4xx_dcmi.o(.text), (400 bytes).
    Removing stm32f4xx_dma.o(.rev16_text), (4 bytes).
    Removing stm32f4xx_dma.o(.revsh_text), (4 bytes).
    Removing stm32f4xx_dma.o(.text), (936 bytes).
    Removing stm32f4xx_exti.o(.rev16_text), (4 bytes).
    Removing stm32f4xx_exti.o(.revsh_text), (4 bytes).
    Removing stm32f4xx_exti.o(.text), (284 bytes).
    Removing stm32f4xx_flash.o(.rev16_text), (4 bytes).
    Removing stm32f4xx_flash.o(.revsh_text), (4 bytes).
    Removing stm32f4xx_flash.o(.text), (1212 bytes).
    Removing stm32f4xx_fsmc.o(.rev16_text), (4 bytes).
    Removing stm32f4xx_fsmc.o(.revsh_text), (4 bytes).
    Removing stm32f4xx_gpio.o(.rev16_text), (4 bytes).
    Removing stm32f4xx_gpio.o(.revsh_text), (4 bytes).
    Removing stm32f4xx_hash.o(.rev16_text), (4 bytes).
    Removing stm32f4xx_hash.o(.revsh_text), (4 bytes).
    Removing stm32f4xx_hash.o(.text), (496 bytes).
    Removing stm32f4xx_hash_md5.o(.rev16_text), (4 bytes).
    Removing stm32f4xx_hash_md5.o(.revsh_text), (4 bytes).
    Removing stm32f4xx_hash_md5.o(.text), (534 bytes).
    Removing stm32f4xx_hash_sha1.o(.rev16_text), (4 bytes).
    Removing stm32f4xx_hash_sha1.o(.revsh_text), (4 bytes).
    Removing stm32f4xx_hash_sha1.o(.text), (548 bytes).
    Removing stm32f4xx_i2c.o(.rev16_text), (4 bytes).
    Removing stm32f4xx_i2c.o(.revsh_text), (4 bytes).
    Removing stm32f4xx_i2c.o(.text), (1064 bytes).
    Removing stm32f4xx_iwdg.o(.rev16_text), (4 bytes).
    Removing stm32f4xx_iwdg.o(.revsh_text), (4 bytes).
    Removing stm32f4xx_iwdg.o(.text), (64 bytes).
    Removing stm32f4xx_pwr.o(.rev16_text), (4 bytes).
    Removing stm32f4xx_pwr.o(.revsh_text), (4 bytes).
    Removing stm32f4xx_pwr.o(.text), (248 bytes).
    Removing stm32f4xx_rcc.o(.rev16_text), (4 bytes).
    Removing stm32f4xx_rcc.o(.revsh_text), (4 bytes).
    Removing stm32f4xx_rng.o(.rev16_text), (4 bytes).
    Removing stm32f4xx_rng.o(.revsh_text), (4 bytes).
    Removing stm32f4xx_rng.o(.text), (160 bytes).
    Removing stm32f4xx_rtc.o(.rev16_text), (4 bytes).
    Removing stm32f4xx_rtc.o(.revsh_text), (4 bytes).
    Removing stm32f4xx_rtc.o(.text), (3376 bytes).
    Removing stm32f4xx_sdio.o(.rev16_text), (4 bytes).
    Removing stm32f4xx_sdio.o(.revsh_text), (4 bytes).
    Removing stm32f4xx_sdio.o(.text), (476 bytes).
    Removing stm32f4xx_spi.o(.rev16_text), (4 bytes).
    Removing stm32f4xx_spi.o(.revsh_text), (4 bytes).
    Removing stm32f4xx_spi.o(.text), (1016 bytes).
    Removing stm32f4xx_syscfg.o(.rev16_text), (4 bytes).
    Removing stm32f4xx_syscfg.o(.revsh_text), (4 bytes).
    Removing stm32f4xx_syscfg.o(.text), (140 bytes).
    Removing stm32f4xx_tim.o(.rev16_text), (4 bytes).
    Removing stm32f4xx_tim.o(.revsh_text), (4 bytes).
    Removing stm32f4xx_tim.o(.text), (3234 bytes).
    Removing stm32f4xx_usart.o(.rev16_text), (4 bytes).
    Removing stm32f4xx_usart.o(.revsh_text), (4 bytes).
    Removing stm32f4xx_wwdg.o(.rev16_text), (4 bytes).
    Removing stm32f4xx_wwdg.o(.revsh_text), (4 bytes).
    Removing stm32f4xx_wwdg.o(.text), (144 bytes).
    Removing system_stm32f4xx.o(.rev16_text), (4 bytes).
    Removing system_stm32f4xx.o(.revsh_text), (4 bytes).
    Removing fadd.o(.text), (176 bytes).
    Removing fmul.o(.text), (100 bytes).
    Removing dadd.o(.text), (334 bytes).
    Removing dmul.o(.text), (228 bytes).
    Removing ffltui.o(.text), (10 bytes).
    Removing dflti.o(.text), (34 bytes).
    Removing dfltui.o(.text), (26 bytes).
    Removing ffixi.o(.text), (50 bytes).
    Removing ffixui.o(.text), (40 bytes).
    Removing dfixui.o(.text), (50 bytes).
    Removing f2d.o(.text), (38 bytes).
    Removing cdcmple.o(.text), (40 bytes).
    Removing cdrcmple.o(.text), (40 bytes).
    Removing fepilogue.o(.text), (110 bytes).
    Removing depilogue.o(.text), (182 bytes).
    Removing ddiv.o(.text), (222 bytes).
    Removing dfixul.o(.text), (48 bytes).

165 unused section(s) (total 31141 bytes) removed from the image.

==============================================================================

Image Symbol Table

    Local Symbols

    Symbol Name                              Value     Ov Type        Size  Object(Section)

    ../clib/microlib/division.c              0x00000000   Number         0  uidiv.o ABSOLUTE
    ../clib/microlib/division.c              0x00000000   Number         0  uldiv.o ABSOLUTE
    ../clib/microlib/init/entry.s            0x00000000   Number         0  entry10a.o ABSOLUTE
    ../clib/microlib/init/entry.s            0x00000000   Number         0  entry11a.o ABSOLUTE
    ../clib/microlib/init/entry.s            0x00000000   Number         0  entry2.o ABSOLUTE
    ../clib/microlib/init/entry.s            0x00000000   Number         0  entry5.o ABSOLUTE
    ../clib/microlib/init/entry.s            0x00000000   Number         0  entry.o ABSOLUTE
    ../clib/microlib/init/entry.s            0x00000000   Number         0  entry7a.o ABSOLUTE
    ../clib/microlib/init/entry.s            0x00000000   Number         0  entry7b.o ABSOLUTE
    ../clib/microlib/init/entry.s            0x00000000   Number         0  entry8b.o ABSOLUTE
    ../clib/microlib/init/entry.s            0x00000000   Number         0  entry9a.o ABSOLUTE
    ../clib/microlib/init/entry.s            0x00000000   Number         0  entry9b.o ABSOLUTE
    ../clib/microlib/init/entry.s            0x00000000   Number         0  entry8a.o ABSOLUTE
    ../clib/microlib/init/entry.s            0x00000000   Number         0  entry10b.o ABSOLUTE
    ../clib/microlib/init/entry.s            0x00000000   Number         0  entry11b.o ABSOLUTE
    ../clib/microlib/longlong.c              0x00000000   Number         0  llshl.o ABSOLUTE
    ../clib/microlib/longlong.c              0x00000000   Number         0  llsshr.o ABSOLUTE
    ../clib/microlib/longlong.c              0x00000000   Number         0  llushr.o ABSOLUTE
    ../clib/microlib/printf/printf.c         0x00000000   Number         0  printfa.o ABSOLUTE
    ../clib/microlib/printf/printf.c         0x00000000   Number         0  printf7.o ABSOLUTE
    ../clib/microlib/printf/printf.c         0x00000000   Number         0  printf8.o ABSOLUTE
    ../clib/microlib/printf/printf.c         0x00000000   Number         0  printf6.o ABSOLUTE
    ../clib/microlib/printf/printf.c         0x00000000   Number         0  printf5.o ABSOLUTE
    ../clib/microlib/printf/printf.c         0x00000000   Number         0  printf4.o ABSOLUTE
    ../clib/microlib/printf/printf.c         0x00000000   Number         0  printf3.o ABSOLUTE
    ../clib/microlib/printf/printf.c         0x00000000   Number         0  printf1.o ABSOLUTE
    ../clib/microlib/printf/printf.c         0x00000000   Number         0  printf2.o ABSOLUTE
    ../clib/microlib/printf/printf.c         0x00000000   Number         0  printf0.o ABSOLUTE
    ../clib/microlib/printf/printf.c         0x00000000   Number         0  printfb.o ABSOLUTE
    ../clib/microlib/printf/stubs.s          0x00000000   Number         0  stubs.o ABSOLUTE
    ../clib/microlib/stdio/streams.c         0x00000000   Number         0  stdout.o ABSOLUTE
    ../clib/microlib/string/memset.c         0x00000000   Number         0  memseta.o ABSOLUTE
    ../clib/microlib/stubs.s                 0x00000000   Number         0  iusefp.o ABSOLUTE
    ../fplib/microlib/f2d.c                  0x00000000   Number         0  f2d.o ABSOLUTE
    ../fplib/microlib/fpadd.c                0x00000000   Number         0  dadd.o ABSOLUTE
    ../fplib/microlib/fpadd.c                0x00000000   Number         0  fadd.o ABSOLUTE
    ../fplib/microlib/fpdiv.c                0x00000000   Number         0  ddiv.o ABSOLUTE
    ../fplib/microlib/fpepilogue.c           0x00000000   Number         0  fepilogue.o ABSOLUTE
    ../fplib/microlib/fpepilogue.c           0x00000000   Number         0  depilogue.o ABSOLUTE
    ../fplib/microlib/fpfix.c                0x00000000   Number         0  ffixi.o ABSOLUTE
    ../fplib/microlib/fpfix.c                0x00000000   Number         0  dfixul.o ABSOLUTE
    ../fplib/microlib/fpfix.c                0x00000000   Number         0  ffixui.o ABSOLUTE
    ../fplib/microlib/fpfix.c                0x00000000   Number         0  dfixui.o ABSOLUTE
    ../fplib/microlib/fpflt.c                0x00000000   Number         0  ffltui.o ABSOLUTE
    ../fplib/microlib/fpflt.c                0x00000000   Number         0  dfltui.o ABSOLUTE
    ../fplib/microlib/fpflt.c                0x00000000   Number         0  dflti.o ABSOLUTE
    ../fplib/microlib/fpmul.c                0x00000000   Number         0  fmul.o ABSOLUTE
    ../fplib/microlib/fpmul.c                0x00000000   Number         0  dmul.o ABSOLUTE
    ..\APP\application.c                     0x00000000   Number         0  application.o ABSOLUTE
    ..\APP\filter.c                          0x00000000   Number         0  filter.o ABSOLUTE
    ..\APP\pid.c                             0x00000000   Number         0  pid.o ABSOLUTE
    ..\APP\uart_state.c                      0x00000000   Number         0  uart_state.o ABSOLUTE
    ..\APP\visual scope.c                    0x00000000   Number         0  visual scope.o ABSOLUTE
    ..\BSP\MotorCtl.c                        0x00000000   Number         0  motorctl.o ABSOLUTE
    ..\BSP\MyFunction.c                      0x00000000   Number         0  myfunction.o ABSOLUTE
    ..\BSP\System_Config.c                   0x00000000   Number         0  system_config.o ABSOLUTE
    ..\BSP\Usart_config.c                    0x00000000   Number         0  usart_config.o ABSOLUTE
    ..\BSP\adc.c                             0x00000000   Number         0  adc.o ABSOLUTE
    ..\BSP\bsp.c                             0x00000000   Number         0  bsp.o ABSOLUTE
    ..\BSP\counter.c                         0x00000000   Number         0  counter.o ABSOLUTE
    ..\CMSIS\Startup\startup_stm32f4xx.s     0x00000000   Number         0  startup_stm32f4xx.o ABSOLUTE
    ..\CMSIS\system_stm32f4xx.c              0x00000000   Number         0  system_stm32f4xx.o ABSOLUTE
    ..\DEV\24l01.c                           0x00000000   Number         0  24l01.o ABSOLUTE
    ..\DEV\5110.c                            0x00000000   Number         0  5110.o ABSOLUTE
    ..\DEV\dcmi_ov7620.c                     0x00000000   Number         0  dcmi_ov7620.o ABSOLUTE
    ..\DEV\key.c                             0x00000000   Number         0  key.o ABSOLUTE
    ..\DEV\lcd.c                             0x00000000   Number         0  lcd.o ABSOLUTE
    ..\DEV\oled.c                            0x00000000   Number         0  oled.o ABSOLUTE
    ..\Libraries\src\misc.c                  0x00000000   Number         0  misc.o ABSOLUTE
    ..\Libraries\src\stm32f4xx_adc.c         0x00000000   Number         0  stm32f4xx_adc.o ABSOLUTE
    ..\Libraries\src\stm32f4xx_can.c         0x00000000   Number         0  stm32f4xx_can.o ABSOLUTE
    ..\Libraries\src\stm32f4xx_crc.c         0x00000000   Number         0  stm32f4xx_crc.o ABSOLUTE
    ..\Libraries\src\stm32f4xx_cryp.c        0x00000000   Number         0  stm32f4xx_cryp.o ABSOLUTE
    ..\Libraries\src\stm32f4xx_cryp_aes.c    0x00000000   Number         0  stm32f4xx_cryp_aes.o ABSOLUTE
    ..\Libraries\src\stm32f4xx_cryp_des.c    0x00000000   Number         0  stm32f4xx_cryp_des.o ABSOLUTE
    ..\Libraries\src\stm32f4xx_cryp_tdes.c   0x00000000   Number         0  stm32f4xx_cryp_tdes.o ABSOLUTE
    ..\Libraries\src\stm32f4xx_dac.c         0x00000000   Number         0  stm32f4xx_dac.o ABSOLUTE
    ..\Libraries\src\stm32f4xx_dbgmcu.c      0x00000000   Number         0  stm32f4xx_dbgmcu.o ABSOLUTE
    ..\Libraries\src\stm32f4xx_dcmi.c        0x00000000   Number         0  stm32f4xx_dcmi.o ABSOLUTE
    ..\Libraries\src\stm32f4xx_dma.c         0x00000000   Number         0  stm32f4xx_dma.o ABSOLUTE
    ..\Libraries\src\stm32f4xx_exti.c        0x00000000   Number         0  stm32f4xx_exti.o ABSOLUTE
    ..\Libraries\src\stm32f4xx_flash.c       0x00000000   Number         0  stm32f4xx_flash.o ABSOLUTE
    ..\Libraries\src\stm32f4xx_fsmc.c        0x00000000   Number         0  stm32f4xx_fsmc.o ABSOLUTE
    ..\Libraries\src\stm32f4xx_gpio.c        0x00000000   Number         0  stm32f4xx_gpio.o ABSOLUTE
    ..\Libraries\src\stm32f4xx_hash.c        0x00000000   Number         0  stm32f4xx_hash.o ABSOLUTE
    ..\Libraries\src\stm32f4xx_hash_md5.c    0x00000000   Number         0  stm32f4xx_hash_md5.o ABSOLUTE
    ..\Libraries\src\stm32f4xx_hash_sha1.c   0x00000000   Number         0  stm32f4xx_hash_sha1.o ABSOLUTE
    ..\Libraries\src\stm32f4xx_i2c.c         0x00000000   Number         0  stm32f4xx_i2c.o ABSOLUTE
    ..\Libraries\src\stm32f4xx_iwdg.c        0x00000000   Number         0  stm32f4xx_iwdg.o ABSOLUTE
    ..\Libraries\src\stm32f4xx_pwr.c         0x00000000   Number         0  stm32f4xx_pwr.o ABSOLUTE
    ..\Libraries\src\stm32f4xx_rcc.c         0x00000000   Number         0  stm32f4xx_rcc.o ABSOLUTE
    ..\Libraries\src\stm32f4xx_rng.c         0x00000000   Number         0  stm32f4xx_rng.o ABSOLUTE
    ..\Libraries\src\stm32f4xx_rtc.c         0x00000000   Number         0  stm32f4xx_rtc.o ABSOLUTE
    ..\Libraries\src\stm32f4xx_sdio.c        0x00000000   Number         0  stm32f4xx_sdio.o ABSOLUTE
    ..\Libraries\src\stm32f4xx_spi.c         0x00000000   Number         0  stm32f4xx_spi.o ABSOLUTE
    ..\Libraries\src\stm32f4xx_syscfg.c      0x00000000   Number         0  stm32f4xx_syscfg.o ABSOLUTE
    ..\Libraries\src\stm32f4xx_tim.c         0x00000000   Number         0  stm32f4xx_tim.o ABSOLUTE
    ..\Libraries\src\stm32f4xx_usart.c       0x00000000   Number         0  stm32f4xx_usart.o ABSOLUTE
    ..\Libraries\src\stm32f4xx_wwdg.c        0x00000000   Number         0  stm32f4xx_wwdg.o ABSOLUTE
    ..\User\main.c                           0x00000000   Number         0  main.o ABSOLUTE
    ..\User\stm32f4xx_it.c                   0x00000000   Number         0  stm32f4xx_it.o ABSOLUTE
    ..\\APP\\application.c                   0x00000000   Number         0  application.o ABSOLUTE
    ..\\APP\\filter.c                        0x00000000   Number         0  filter.o ABSOLUTE
    ..\\APP\\pid.c                           0x00000000   Number         0  pid.o ABSOLUTE
    ..\\APP\\uart_state.c                    0x00000000   Number         0  uart_state.o ABSOLUTE
    ..\\APP\\visual scope.c                  0x00000000   Number         0  visual scope.o ABSOLUTE
    ..\\BSP\\MotorCtl.c                      0x00000000   Number         0  motorctl.o ABSOLUTE
    ..\\BSP\\MyFunction.c                    0x00000000   Number         0  myfunction.o ABSOLUTE
    ..\\BSP\\System_Config.c                 0x00000000   Number         0  system_config.o ABSOLUTE
    ..\\BSP\\Usart_config.c                  0x00000000   Number         0  usart_config.o ABSOLUTE
    ..\\BSP\\adc.c                           0x00000000   Number         0  adc.o ABSOLUTE
    ..\\BSP\\bsp.c                           0x00000000   Number         0  bsp.o ABSOLUTE
    ..\\BSP\\counter.c                       0x00000000   Number         0  counter.o ABSOLUTE
    ..\\CMSIS\\system_stm32f4xx.c            0x00000000   Number         0  system_stm32f4xx.o ABSOLUTE
    ..\\DEV\\24l01.c                         0x00000000   Number         0  24l01.o ABSOLUTE
    ..\\DEV\\5110.c                          0x00000000   Number         0  5110.o ABSOLUTE
    ..\\DEV\\dcmi_ov7620.c                   0x00000000   Number         0  dcmi_ov7620.o ABSOLUTE
    ..\\DEV\\key.c                           0x00000000   Number         0  key.o ABSOLUTE
    ..\\DEV\\lcd.c                           0x00000000   Number         0  lcd.o ABSOLUTE
    ..\\DEV\\oled.c                          0x00000000   Number         0  oled.o ABSOLUTE
    ..\\Libraries\\src\\misc.c               0x00000000   Number         0  misc.o ABSOLUTE
    ..\\Libraries\\src\\stm32f4xx_adc.c      0x00000000   Number         0  stm32f4xx_adc.o ABSOLUTE
    ..\\Libraries\\src\\stm32f4xx_can.c      0x00000000   Number         0  stm32f4xx_can.o ABSOLUTE
    ..\\Libraries\\src\\stm32f4xx_crc.c      0x00000000   Number         0  stm32f4xx_crc.o ABSOLUTE
    ..\\Libraries\\src\\stm32f4xx_cryp.c     0x00000000   Number         0  stm32f4xx_cryp.o ABSOLUTE
    ..\\Libraries\\src\\stm32f4xx_cryp_aes.c 0x00000000   Number         0  stm32f4xx_cryp_aes.o ABSOLUTE
    ..\\Libraries\\src\\stm32f4xx_cryp_des.c 0x00000000   Number         0  stm32f4xx_cryp_des.o ABSOLUTE
    ..\\Libraries\\src\\stm32f4xx_cryp_tdes.c 0x00000000   Number         0  stm32f4xx_cryp_tdes.o ABSOLUTE
    ..\\Libraries\\src\\stm32f4xx_dac.c      0x00000000   Number         0  stm32f4xx_dac.o ABSOLUTE
    ..\\Libraries\\src\\stm32f4xx_dbgmcu.c   0x00000000   Number         0  stm32f4xx_dbgmcu.o ABSOLUTE
    ..\\Libraries\\src\\stm32f4xx_dcmi.c     0x00000000   Number         0  stm32f4xx_dcmi.o ABSOLUTE
    ..\\Libraries\\src\\stm32f4xx_dma.c      0x00000000   Number         0  stm32f4xx_dma.o ABSOLUTE
    ..\\Libraries\\src\\stm32f4xx_exti.c     0x00000000   Number         0  stm32f4xx_exti.o ABSOLUTE
    ..\\Libraries\\src\\stm32f4xx_flash.c    0x00000000   Number         0  stm32f4xx_flash.o ABSOLUTE
    ..\\Libraries\\src\\stm32f4xx_fsmc.c     0x00000000   Number         0  stm32f4xx_fsmc.o ABSOLUTE
    ..\\Libraries\\src\\stm32f4xx_gpio.c     0x00000000   Number         0  stm32f4xx_gpio.o ABSOLUTE
    ..\\Libraries\\src\\stm32f4xx_hash.c     0x00000000   Number         0  stm32f4xx_hash.o ABSOLUTE
    ..\\Libraries\\src\\stm32f4xx_hash_md5.c 0x00000000   Number         0  stm32f4xx_hash_md5.o ABSOLUTE
    ..\\Libraries\\src\\stm32f4xx_hash_sha1.c 0x00000000   Number         0  stm32f4xx_hash_sha1.o ABSOLUTE
    ..\\Libraries\\src\\stm32f4xx_i2c.c      0x00000000   Number         0  stm32f4xx_i2c.o ABSOLUTE
    ..\\Libraries\\src\\stm32f4xx_iwdg.c     0x00000000   Number         0  stm32f4xx_iwdg.o ABSOLUTE
    ..\\Libraries\\src\\stm32f4xx_pwr.c      0x00000000   Number         0  stm32f4xx_pwr.o ABSOLUTE
    ..\\Libraries\\src\\stm32f4xx_rcc.c      0x00000000   Number         0  stm32f4xx_rcc.o ABSOLUTE
    ..\\Libraries\\src\\stm32f4xx_rng.c      0x00000000   Number         0  stm32f4xx_rng.o ABSOLUTE
    ..\\Libraries\\src\\stm32f4xx_rtc.c      0x00000000   Number         0  stm32f4xx_rtc.o ABSOLUTE
    ..\\Libraries\\src\\stm32f4xx_sdio.c     0x00000000   Number         0  stm32f4xx_sdio.o ABSOLUTE
    ..\\Libraries\\src\\stm32f4xx_spi.c      0x00000000   Number         0  stm32f4xx_spi.o ABSOLUTE
    ..\\Libraries\\src\\stm32f4xx_syscfg.c   0x00000000   Number         0  stm32f4xx_syscfg.o ABSOLUTE
    ..\\Libraries\\src\\stm32f4xx_tim.c      0x00000000   Number         0  stm32f4xx_tim.o ABSOLUTE
    ..\\Libraries\\src\\stm32f4xx_usart.c    0x00000000   Number         0  stm32f4xx_usart.o ABSOLUTE
    ..\\Libraries\\src\\stm32f4xx_wwdg.c     0x00000000   Number         0  stm32f4xx_wwdg.o ABSOLUTE
    ..\\User\\main.c                         0x00000000   Number         0  main.o ABSOLUTE
    ..\\User\\stm32f4xx_it.c                 0x00000000   Number         0  stm32f4xx_it.o ABSOLUTE
    cdcmple.s                                0x00000000   Number         0  cdcmple.o ABSOLUTE
    cdrcmple.s                               0x00000000   Number         0  cdrcmple.o ABSOLUTE
    dc.s                                     0x00000000   Number         0  dc.o ABSOLUTE
    handlers.s                               0x00000000   Number         0  handlers.o ABSOLUTE
    init.s                                   0x00000000   Number         0  init.o ABSOLUTE
    RESET                                    0x08000000   Section      392  startup_stm32f4xx.o(RESET)
    .ARM.Collect$$$$00000000                 0x08000188   Section        0  entry.o(.ARM.Collect$$$$00000000)
    .ARM.Collect$$$$00000001                 0x08000188   Section        4  entry2.o(.ARM.Collect$$$$00000001)
    .ARM.Collect$$$$00000004                 0x0800018c   Section        4  entry5.o(.ARM.Collect$$$$00000004)
    .ARM.Collect$$$$00000008                 0x08000190   Section        0  entry7b.o(.ARM.Collect$$$$00000008)
    .ARM.Collect$$$$0000000A                 0x08000190   Section        0  entry8b.o(.ARM.Collect$$$$0000000A)
    .ARM.Collect$$$$0000000B                 0x08000190   Section        8  entry9a.o(.ARM.Collect$$$$0000000B)
    .ARM.Collect$$$$0000000D                 0x08000198   Section        0  entry10a.o(.ARM.Collect$$$$0000000D)
    .ARM.Collect$$$$0000000F                 0x08000198   Section        0  entry11a.o(.ARM.Collect$$$$0000000F)
    .ARM.Collect$$$$00002712                 0x08000198   Section        4  entry2.o(.ARM.Collect$$$$00002712)
    __lit__00000000                          0x08000198   Data           4  entry2.o(.ARM.Collect$$$$00002712)
    .text                                    0x0800019c   Section        0  main.o(.text)
    .text                                    0x080001b0   Section        0  stm32f4xx_it.o(.text)
    .text                                    0x080001fc   Section        0  application.o(.text)
    .text                                    0x080002e4   Section        0  uart_state.o(.text)
    .text                                    0x08000534   Section        0  lcd.o(.text)
    .text                                    0x080029e4   Section        0  oled.o(.text)
    .text                                    0x08002e68   Section        0  bsp.o(.text)
    .text                                    0x08002ed4   Section        0  myfunction.o(.text)
    .text                                    0x08002f84   Section        0  system_config.o(.text)
    .text                                    0x0800300c   Section        0  usart_config.o(.text)
    itoa                                     0x080030af   Thumb Code    98  usart_config.o(.text)
    .text                                    0x08003220   Section       36  startup_stm32f4xx.o(.text)
    .text                                    0x08003244   Section        0  misc.o(.text)
    .text                                    0x08003324   Section        0  stm32f4xx_fsmc.o(.text)
    .text                                    0x0800392c   Section        0  stm32f4xx_gpio.o(.text)
    .text                                    0x08003b88   Section        0  stm32f4xx_rcc.o(.text)
    .text                                    0x08004110   Section        0  stm32f4xx_usart.o(.text)
    .text                                    0x0800452c   Section        0  system_stm32f4xx.o(.text)
    SetSysClock                              0x0800452d   Thumb Code   220  system_stm32f4xx.o(.text)
    .text                                    0x0800472c   Section        0  uldiv.o(.text)
    .text                                    0x0800478e   Section        0  llshl.o(.text)
    .text                                    0x080047ac   Section        0  llushr.o(.text)
    .text                                    0x080047cc   Section       36  init.o(.text)
    i.__0printf$5                            0x080047f0   Section        0  printf5.o(i.__0printf$5)
    i.__scatterload_copy                     0x08004810   Section       14  handlers.o(i.__scatterload_copy)
    i.__scatterload_null                     0x0800481e   Section        2  handlers.o(i.__scatterload_null)
    i.__scatterload_zeroinit                 0x08004820   Section       14  handlers.o(i.__scatterload_zeroinit)
    i._printf_core                           0x08004830   Section        0  printf5.o(i._printf_core)
    _printf_core                             0x08004831   Thumb Code   654  printf5.o(i._printf_core)
    .constdata                               0x08004aec   Section     2660  lcd.o(.constdata)
    .constdata                               0x08005550   Section     2072  oled.o(.constdata)
    .data                                    0x20000000   Section        2  uart_state.o(.data)
    state                                    0x20000000   Data           1  uart_state.o(.data)
    LEN_Token                                0x20000001   Data           1  uart_state.o(.data)
    .data                                    0x20000002   Section        4  lcd.o(.data)
    .data                                    0x20000008   Section        4  myfunction.o(.data)
    TimingDelay                              0x20000008   Data           4  myfunction.o(.data)
    .data                                    0x2000000c   Section       16  stm32f4xx_rcc.o(.data)
    APBAHBPrescTable                         0x2000000c   Data          16  stm32f4xx_rcc.o(.data)
    .data                                    0x2000001c   Section       20  system_stm32f4xx.o(.data)
    .data                                    0x20000030   Section        4  stdout.o(.data)
    .bss                                     0x20000034   Section      172  uart_state.o(.bss)
    .bss                                     0x200000e0   Section       10  lcd.o(.bss)
    .bss                                     0x200000ea   Section     1024  oled.o(.bss)
    STACK                                    0x200004f0   Section     1024  startup_stm32f4xx.o(STACK)

    Global Symbols

    Symbol Name                              Value     Ov Type        Size  Object(Section)

    BuildAttributes$$THM_ISAv4$E$P$D$K$B$S$7EM$PE$A:L22UL41UL21$X:L11$S22US41US21$IEEE1$IW$USESV6$~STKCKD$USESV7$~SHL$OTIME$ROPI$EBA8$MICROLIB$REQ8$PRES8$EABIv2 0x00000000   Number         0  anon$$obj.o ABSOLUTE
    __ARM_use_no_argv                        0x00000000   Number         0  main.o ABSOLUTE
    _printf_a                                0x00000000   Number         0  stubs.o ABSOLUTE
    _printf_c                                0x00000000   Number         0  stubs.o ABSOLUTE
    _printf_charcount                        0x00000000   Number         0  stubs.o ABSOLUTE
    _printf_d                                0x00000000   Number         0  stubs.o ABSOLUTE
    _printf_e                                0x00000000   Number         0  stubs.o ABSOLUTE
    _printf_f                                0x00000000   Number         0  stubs.o ABSOLUTE
    _printf_flags                            0x00000000   Number         0  stubs.o ABSOLUTE
    _printf_fp_dec                           0x00000000   Number         0  stubs.o ABSOLUTE
    _printf_fp_hex                           0x00000000   Number         0  stubs.o ABSOLUTE
    _printf_g                                0x00000000   Number         0  stubs.o ABSOLUTE
    _printf_i                                0x00000000   Number         0  stubs.o ABSOLUTE
    _printf_int_dec                          0x00000000   Number         0  stubs.o ABSOLUTE
    _printf_l                                0x00000000   Number         0  stubs.o ABSOLUTE
    _printf_lc                               0x00000000   Number         0  stubs.o ABSOLUTE
    _printf_ll                               0x00000000   Number         0  stubs.o ABSOLUTE
    _printf_lld                              0x00000000   Number         0  stubs.o ABSOLUTE
    _printf_lli                              0x00000000   Number         0  stubs.o ABSOLUTE
    _printf_llo                              0x00000000   Number         0  stubs.o ABSOLUTE
    _printf_llu                              0x00000000   Number         0  stubs.o ABSOLUTE
    _printf_llx                              0x00000000   Number         0  stubs.o ABSOLUTE
    _printf_longlong_dec                     0x00000000   Number         0  stubs.o ABSOLUTE
    _printf_longlong_hex                     0x00000000   Number         0  stubs.o ABSOLUTE
    _printf_longlong_oct                     0x00000000   Number         0  stubs.o ABSOLUTE
    _printf_ls                               0x00000000   Number         0  stubs.o ABSOLUTE
    _printf_mbtowc                           0x00000000   Number         0  stubs.o ABSOLUTE
    _printf_n                                0x00000000   Number         0  stubs.o ABSOLUTE
    _printf_o                                0x00000000   Number         0  stubs.o ABSOLUTE
    _printf_p                                0x00000000   Number         0  stubs.o ABSOLUTE
    _printf_percent                          0x00000000   Number         0  stubs.o ABSOLUTE
    _printf_pre_padding                      0x00000000   Number         0  stubs.o ABSOLUTE
    _printf_return_value                     0x00000000   Number         0  stubs.o ABSOLUTE
    _printf_s                                0x00000000   Number         0  stubs.o ABSOLUTE
    _printf_sizespec                         0x00000000   Number         0  stubs.o ABSOLUTE
    _printf_str                              0x00000000   Number         0  stubs.o ABSOLUTE
    _printf_truncate_signed                  0x00000000   Number         0  stubs.o ABSOLUTE
    _printf_truncate_unsigned                0x00000000   Number         0  stubs.o ABSOLUTE
    _printf_u                                0x00000000   Number         0  stubs.o ABSOLUTE
    _printf_wc                               0x00000000   Number         0  stubs.o ABSOLUTE
    _printf_wctomb                           0x00000000   Number         0  stubs.o ABSOLUTE
    _printf_widthprec                        0x00000000   Number         0  stubs.o ABSOLUTE
    _printf_x                                0x00000000   Number         0  stubs.o ABSOLUTE
    __cpp_initialize__aeabi_                  - Undefined Weak Reference
    __cxa_finalize                            - Undefined Weak Reference
    __decompress                              - Undefined Weak Reference
    _clock_init                               - Undefined Weak Reference
    _microlib_exit                            - Undefined Weak Reference
    __Vectors_Size                           0x00000188   Number         0  startup_stm32f4xx.o ABSOLUTE
    __Vectors                                0x08000000   Data           4  startup_stm32f4xx.o(RESET)
    __Vectors_End                            0x08000188   Data           0  startup_stm32f4xx.o(RESET)
    __main                                   0x08000189   Thumb Code     0  entry.o(.ARM.Collect$$$$00000000)
    _main_stk                                0x08000189   Thumb Code     0  entry2.o(.ARM.Collect$$$$00000001)
    _main_scatterload                        0x0800018d   Thumb Code     0  entry5.o(.ARM.Collect$$$$00000004)
    __main_after_scatterload                 0x08000191   Thumb Code     0  entry5.o(.ARM.Collect$$$$00000004)
    _main_clock                              0x08000191   Thumb Code     0  entry7b.o(.ARM.Collect$$$$00000008)
    _main_cpp_init                           0x08000191   Thumb Code     0  entry8b.o(.ARM.Collect$$$$0000000A)
    _main_init                               0x08000191   Thumb Code     0  entry9a.o(.ARM.Collect$$$$0000000B)
    __rt_final_cpp                           0x08000199   Thumb Code     0  entry10a.o(.ARM.Collect$$$$0000000D)
    __rt_final_exit                          0x08000199   Thumb Code     0  entry11a.o(.ARM.Collect$$$$0000000F)
    main                                     0x0800019d   Thumb Code    20  main.o(.text)
    NMI_Handler                              0x080001b1   Thumb Code     2  stm32f4xx_it.o(.text)
    HardFault_Handler                        0x080001b3   Thumb Code     4  stm32f4xx_it.o(.text)
    MemManage_Handler                        0x080001b7   Thumb Code     4  stm32f4xx_it.o(.text)
    BusFault_Handler                         0x080001bb   Thumb Code     4  stm32f4xx_it.o(.text)
    UsageFault_Handler                       0x080001bf   Thumb Code     4  stm32f4xx_it.o(.text)
    DebugMon_Handler                         0x080001c3   Thumb Code     2  stm32f4xx_it.o(.text)
    SVC_Handler                              0x080001c5   Thumb Code     2  stm32f4xx_it.o(.text)
    PendSV_Handler                           0x080001c7   Thumb Code     2  stm32f4xx_it.o(.text)
    SysTick_Handler                          0x080001c9   Thumb Code     8  stm32f4xx_it.o(.text)
    USART3_IRQHandler                        0x080001d1   Thumb Code    38  stm32f4xx_it.o(.text)
    device_init                              0x080001fd   Thumb Code    10  application.o(.text)
    application_init                         0x08000207   Thumb Code    18  application.o(.text)
    loop_work                                0x08000219   Thumb Code   186  application.o(.text)
    UartState_init                           0x080002e5   Thumb Code    42  uart_state.o(.text)
    Uart_RxBufLen                            0x0800030f   Thumb Code    62  uart_state.o(.text)
    UartAdd                                  0x0800034d   Thumb Code   150  uart_state.o(.text)
    UartRead                                 0x080003e3   Thumb Code   164  uart_state.o(.text)
    UartProcessData                          0x08000487   Thumb Code   146  uart_state.o(.text)
    LCD_WR_REG                               0x08000535   Thumb Code     6  lcd.o(.text)
    LCD_WR_DATA                              0x0800053b   Thumb Code     8  lcd.o(.text)
    LCD_RD_DATA                              0x08000543   Thumb Code     8  lcd.o(.text)
    LCD_WriteReg                             0x0800054b   Thumb Code    10  lcd.o(.text)
    LCD_ReadReg                              0x08000555   Thumb Code    22  lcd.o(.text)
    LCD_WriteRAM_Prepare                     0x0800056b   Thumb Code    10  lcd.o(.text)
    LCD_WriteRAM                             0x08000575   Thumb Code     8  lcd.o(.text)
    LCD_BGR2RGB                              0x0800057d   Thumb Code    26  lcd.o(.text)
    opt_delay                                0x08000597   Thumb Code    14  lcd.o(.text)
    LCD_SetCursor                            0x080005a5   Thumb Code   112  lcd.o(.text)
    LCD_ReadPoint                            0x08000615   Thumb Code   276  lcd.o(.text)
    LCD_DisplayOn                            0x08000729   Thumb Code    46  lcd.o(.text)
    LCD_DisplayOff                           0x08000757   Thumb Code    44  lcd.o(.text)
    LCD_Scan_Dir                             0x08000783   Thumb Code   462  lcd.o(.text)
    LCD_DrawPoint                            0x08000951   Thumb Code    28  lcd.o(.text)
    LCD_Fast_DrawPoint                       0x0800096d   Thumb Code   128  lcd.o(.text)
    LCD_Display_Dir                          0x080009ed   Thumb Code   238  lcd.o(.text)
    LCD_Clear                                0x08000adb   Thumb Code    42  lcd.o(.text)
    LCD_Init                                 0x08000b05   Thumb Code  6506  lcd.o(.text)
    LCD_Fill                                 0x0800246f   Thumb Code    80  lcd.o(.text)
    LCD_Color_Fill                           0x080024bf   Thumb Code    92  lcd.o(.text)
    LCD_DrawLine                             0x0800251b   Thumb Code   190  lcd.o(.text)
    LCD_DrawRectangle                        0x080025d9   Thumb Code    60  lcd.o(.text)
    Draw_Circle                              0x08002615   Thumb Code   152  lcd.o(.text)
    LCD_ShowChar                             0x080026ad   Thumb Code   340  lcd.o(.text)
    LCD_Pow                                  0x08002801   Thumb Code    22  lcd.o(.text)
    LCD_ShowNum                              0x08002817   Thumb Code   148  lcd.o(.text)
    LCD_ShowxNum                             0x080028ab   Thumb Code   190  lcd.o(.text)
    LCD_ShowString                           0x08002969   Thumb Code   102  lcd.o(.text)
    OLED_WRCMD                               0x080029e5   Thumb Code    66  oled.o(.text)
    OLED_WRDATA                              0x08002a27   Thumb Code    66  oled.o(.text)
    OLED_Setxy                               0x08002a69   Thumb Code    40  oled.o(.text)
    OLED_Fill                                0x08002a91   Thumb Code    58  oled.o(.text)
    OLED_Init                                0x08002acb   Thumb Code   260  oled.o(.text)
    OLED_6x8                                 0x08002bcf   Thumb Code    96  oled.o(.text)
    OLED_Cler_6x8                            0x08002c2f   Thumb Code    52  oled.o(.text)
    OLED_8x16                                0x08002c63   Thumb Code   130  oled.o(.text)
    OLED_Cler_8x16                           0x08002ce5   Thumb Code    78  oled.o(.text)
    Draw_BMP                                 0x08002d33   Thumb Code   116  oled.o(.text)
    OLED_Refresh_Gram                        0x08002da7   Thumb Code    92  oled.o(.text)
    OLED_DRAWPoint                           0x08002e03   Thumb Code    96  oled.o(.text)
    GPIO_Config                              0x08002e69   Thumb Code    72  bsp.o(.text)
    EXTI_Config                              0x08002eb1   Thumb Code     2  bsp.o(.text)
    board_init                               0x08002eb3   Thumb Code    30  bsp.o(.text)
    fputc                                    0x08002ed5   Thumb Code     2  myfunction.o(.text)
    delay_init                               0x08002ed7   Thumb Code    88  myfunction.o(.text)
    delay_us                                 0x08002f2f   Thumb Code    20  myfunction.o(.text)
    delay_ms                                 0x08002f43   Thumb Code    26  myfunction.o(.text)
    TimingDelay_Decrement                    0x08002f5d   Thumb Code    18  myfunction.o(.text)
    RCC_Config                               0x08002f85   Thumb Code   130  system_config.o(.text)
    USART_Config                             0x0800300d   Thumb Code   162  usart_config.o(.text)
    USART_printf                             0x08003111   Thumb Code   262  usart_config.o(.text)
    Reset_Handler                            0x08003221   Thumb Code     8  startup_stm32f4xx.o(.text)
    ADC_IRQHandler                           0x0800323b   Thumb Code     0  startup_stm32f4xx.o(.text)
    CAN1_RX0_IRQHandler                      0x0800323b   Thumb Code     0  startup_stm32f4xx.o(.text)
    CAN1_RX1_IRQHandler                      0x0800323b   Thumb Code     0  startup_stm32f4xx.o(.text)
    CAN1_SCE_IRQHandler                      0x0800323b   Thumb Code     0  startup_stm32f4xx.o(.text)
    CAN1_TX_IRQHandler                       0x0800323b   Thumb Code     0  startup_stm32f4xx.o(.text)
    CAN2_RX0_IRQHandler                      0x0800323b   Thumb Code     0  startup_stm32f4xx.o(.text)
    CAN2_RX1_IRQHandler                      0x0800323b   Thumb Code     0  startup_stm32f4xx.o(.text)
    CAN2_SCE_IRQHandler                      0x0800323b   Thumb Code     0  startup_stm32f4xx.o(.text)
    CAN2_TX_IRQHandler                       0x0800323b   Thumb Code     0  startup_stm32f4xx.o(.text)
    CRYP_IRQHandler                          0x0800323b   Thumb Code     0  startup_stm32f4xx.o(.text)
    DCMI_IRQHandler                          0x0800323b   Thumb Code     0  startup_stm32f4xx.o(.text)
    DMA1_Stream0_IRQHandler                  0x0800323b   Thumb Code     0  startup_stm32f4xx.o(.text)
    DMA1_Stream1_IRQHandler                  0x0800323b   Thumb Code     0  startup_stm32f4xx.o(.text)
    DMA1_Stream2_IRQHandler                  0x0800323b   Thumb Code     0  startup_stm32f4xx.o(.text)
    DMA1_Stream3_IRQHandler                  0x0800323b   Thumb Code     0  startup_stm32f4xx.o(.text)
    DMA1_Stream4_IRQHandler                  0x0800323b   Thumb Code     0  startup_stm32f4xx.o(.text)
    DMA1_Stream5_IRQHandler                  0x0800323b   Thumb Code     0  startup_stm32f4xx.o(.text)
    DMA1_Stream6_IRQHandler                  0x0800323b   Thumb Code     0  startup_stm32f4xx.o(.text)
    DMA1_Stream7_IRQHandler                  0x0800323b   Thumb Code     0  startup_stm32f4xx.o(.text)
    DMA2_Stream0_IRQHandler                  0x0800323b   Thumb Code     0  startup_stm32f4xx.o(.text)
    DMA2_Stream1_IRQHandler                  0x0800323b   Thumb Code     0  startup_stm32f4xx.o(.text)
    DMA2_Stream2_IRQHandler                  0x0800323b   Thumb Code     0  startup_stm32f4xx.o(.text)
    DMA2_Stream3_IRQHandler                  0x0800323b   Thumb Code     0  startup_stm32f4xx.o(.text)
    DMA2_Stream4_IRQHandler                  0x0800323b   Thumb Code     0  startup_stm32f4xx.o(.text)
    DMA2_Stream5_IRQHandler                  0x0800323b   Thumb Code     0  startup_stm32f4xx.o(.text)
    DMA2_Stream6_IRQHandler                  0x0800323b   Thumb Code     0  startup_stm32f4xx.o(.text)
    DMA2_Stream7_IRQHandler                  0x0800323b   Thumb Code     0  startup_stm32f4xx.o(.text)
    ETH_IRQHandler                           0x0800323b   Thumb Code     0  startup_stm32f4xx.o(.text)
    ETH_WKUP_IRQHandler                      0x0800323b   Thumb Code     0  startup_stm32f4xx.o(.text)
    EXTI0_IRQHandler                         0x0800323b   Thumb Code     0  startup_stm32f4xx.o(.text)
    EXTI15_10_IRQHandler                     0x0800323b   Thumb Code     0  startup_stm32f4xx.o(.text)
    EXTI1_IRQHandler                         0x0800323b   Thumb Code     0  startup_stm32f4xx.o(.text)
    EXTI2_IRQHandler                         0x0800323b   Thumb Code     0  startup_stm32f4xx.o(.text)
    EXTI3_IRQHandler                         0x0800323b   Thumb Code     0  startup_stm32f4xx.o(.text)
    EXTI4_IRQHandler                         0x0800323b   Thumb Code     0  startup_stm32f4xx.o(.text)
    EXTI9_5_IRQHandler                       0x0800323b   Thumb Code     0  startup_stm32f4xx.o(.text)
    FLASH_IRQHandler                         0x0800323b   Thumb Code     0  startup_stm32f4xx.o(.text)
    FPU_IRQHandler                           0x0800323b   Thumb Code     0  startup_stm32f4xx.o(.text)
    FSMC_IRQHandler                          0x0800323b   Thumb Code     0  startup_stm32f4xx.o(.text)
    HASH_RNG_IRQHandler                      0x0800323b   Thumb Code     0  startup_stm32f4xx.o(.text)
    I2C1_ER_IRQHandler                       0x0800323b   Thumb Code     0  startup_stm32f4xx.o(.text)
    I2C1_EV_IRQHandler                       0x0800323b   Thumb Code     0  startup_stm32f4xx.o(.text)
    I2C2_ER_IRQHandler                       0x0800323b   Thumb Code     0  startup_stm32f4xx.o(.text)
    I2C2_EV_IRQHandler                       0x0800323b   Thumb Code     0  startup_stm32f4xx.o(.text)
    I2C3_ER_IRQHandler                       0x0800323b   Thumb Code     0  startup_stm32f4xx.o(.text)
    I2C3_EV_IRQHandler                       0x0800323b   Thumb Code     0  startup_stm32f4xx.o(.text)
    OTG_FS_IRQHandler                        0x0800323b   Thumb Code     0  startup_stm32f4xx.o(.text)
    OTG_FS_WKUP_IRQHandler                   0x0800323b   Thumb Code     0  startup_stm32f4xx.o(.text)
    OTG_HS_EP1_IN_IRQHandler                 0x0800323b   Thumb Code     0  startup_stm32f4xx.o(.text)
    OTG_HS_EP1_OUT_IRQHandler                0x0800323b   Thumb Code     0  startup_stm32f4xx.o(.text)
    OTG_HS_IRQHandler                        0x0800323b   Thumb Code     0  startup_stm32f4xx.o(.text)
    OTG_HS_WKUP_IRQHandler                   0x0800323b   Thumb Code     0  startup_stm32f4xx.o(.text)
    PVD_IRQHandler                           0x0800323b   Thumb Code     0  startup_stm32f4xx.o(.text)
    RCC_IRQHandler                           0x0800323b   Thumb Code     0  startup_stm32f4xx.o(.text)
    RTC_Alarm_IRQHandler                     0x0800323b   Thumb Code     0  startup_stm32f4xx.o(.text)
    RTC_WKUP_IRQHandler                      0x0800323b   Thumb Code     0  startup_stm32f4xx.o(.text)
    SDIO_IRQHandler                          0x0800323b   Thumb Code     0  startup_stm32f4xx.o(.text)
    SPI1_IRQHandler                          0x0800323b   Thumb Code     0  startup_stm32f4xx.o(.text)
    SPI2_IRQHandler                          0x0800323b   Thumb Code     0  startup_stm32f4xx.o(.text)
    SPI3_IRQHandler                          0x0800323b   Thumb Code     0  startup_stm32f4xx.o(.text)
    TAMP_STAMP_IRQHandler                    0x0800323b   Thumb Code     0  startup_stm32f4xx.o(.text)
    TIM1_BRK_TIM9_IRQHandler                 0x0800323b   Thumb Code     0  startup_stm32f4xx.o(.text)
    TIM1_CC_IRQHandler                       0x0800323b   Thumb Code     0  startup_stm32f4xx.o(.text)
    TIM1_TRG_COM_TIM11_IRQHandler            0x0800323b   Thumb Code     0  startup_stm32f4xx.o(.text)
    TIM1_UP_TIM10_IRQHandler                 0x0800323b   Thumb Code     0  startup_stm32f4xx.o(.text)
    TIM2_IRQHandler                          0x0800323b   Thumb Code     0  startup_stm32f4xx.o(.text)
    TIM3_IRQHandler                          0x0800323b   Thumb Code     0  startup_stm32f4xx.o(.text)
    TIM4_IRQHandler                          0x0800323b   Thumb Code     0  startup_stm32f4xx.o(.text)
    TIM5_IRQHandler                          0x0800323b   Thumb Code     0  startup_stm32f4xx.o(.text)
    TIM6_DAC_IRQHandler                      0x0800323b   Thumb Code     0  startup_stm32f4xx.o(.text)
    TIM7_IRQHandler                          0x0800323b   Thumb Code     0  startup_stm32f4xx.o(.text)
    TIM8_BRK_TIM12_IRQHandler                0x0800323b   Thumb Code     0  startup_stm32f4xx.o(.text)
    TIM8_CC_IRQHandler                       0x0800323b   Thumb Code     0  startup_stm32f4xx.o(.text)
    TIM8_TRG_COM_TIM14_IRQHandler            0x0800323b   Thumb Code     0  startup_stm32f4xx.o(.text)
    TIM8_UP_TIM13_IRQHandler                 0x0800323b   Thumb Code     0  startup_stm32f4xx.o(.text)
    UART4_IRQHandler                         0x0800323b   Thumb Code     0  startup_stm32f4xx.o(.text)
    UART5_IRQHandler                         0x0800323b   Thumb Code     0  startup_stm32f4xx.o(.text)
    USART1_IRQHandler                        0x0800323b   Thumb Code     0  startup_stm32f4xx.o(.text)
    USART2_IRQHandler                        0x0800323b   Thumb Code     0  startup_stm32f4xx.o(.text)
    USART6_IRQHandler                        0x0800323b   Thumb Code     0  startup_stm32f4xx.o(.text)
    WWDG_IRQHandler                          0x0800323b   Thumb Code     0  startup_stm32f4xx.o(.text)
    NVIC_PriorityGroupConfig                 0x08003245   Thumb Code    10  misc.o(.text)
    NVIC_Init                                0x0800324f   Thumb Code   106  misc.o(.text)
    NVIC_SetVectorTable                      0x080032b9   Thumb Code    14  misc.o(.text)
    NVIC_SystemLPConfig                      0x080032c7   Thumb Code    34  misc.o(.text)
    SysTick_CLKSourceConfig                  0x080032e9   Thumb Code    40  misc.o(.text)
    FSMC_NORSRAMDeInit                       0x08003325   Thumb Code    54  stm32f4xx_fsmc.o(.text)
    FSMC_NORSRAMInit                         0x0800335b   Thumb Code   230  stm32f4xx_fsmc.o(.text)
    FSMC_NORSRAMStructInit                   0x08003441   Thumb Code   114  stm32f4xx_fsmc.o(.text)
    FSMC_NORSRAMCmd                          0x080034b3   Thumb Code    46  stm32f4xx_fsmc.o(.text)
    FSMC_NANDDeInit                          0x080034e1   Thumb Code    62  stm32f4xx_fsmc.o(.text)
    FSMC_NANDInit                            0x0800351f   Thumb Code   132  stm32f4xx_fsmc.o(.text)
    FSMC_NANDStructInit                      0x080035a3   Thumb Code    54  stm32f4xx_fsmc.o(.text)
    FSMC_NANDCmd                             0x080035d9   Thumb Code    86  stm32f4xx_fsmc.o(.text)
    FSMC_NANDECCCmd                          0x0800362f   Thumb Code    86  stm32f4xx_fsmc.o(.text)
    FSMC_GetECC                              0x08003685   Thumb Code    24  stm32f4xx_fsmc.o(.text)
    FSMC_PCCARDDeInit                        0x0800369d   Thumb Code    36  stm32f4xx_fsmc.o(.text)
    FSMC_PCCARDInit                          0x080036c1   Thumb Code   130  stm32f4xx_fsmc.o(.text)
    FSMC_PCCARDStructInit                    0x08003743   Thumb Code    60  stm32f4xx_fsmc.o(.text)
    FSMC_PCCARDCmd                           0x0800377f   Thumb Code    44  stm32f4xx_fsmc.o(.text)
    FSMC_ITConfig                            0x080037ab   Thumb Code   128  stm32f4xx_fsmc.o(.text)
    FSMC_GetFlagStatus                       0x0800382b   Thumb Code    54  stm32f4xx_fsmc.o(.text)
    FSMC_ClearFlag                           0x08003861   Thumb Code    62  stm32f4xx_fsmc.o(.text)
    FSMC_GetITStatus                         0x0800389f   Thumb Code    72  stm32f4xx_fsmc.o(.text)
    FSMC_ClearITPendingBit                   0x080038e7   Thumb Code    66  stm32f4xx_fsmc.o(.text)
    GPIO_DeInit                              0x0800392d   Thumb Code   220  stm32f4xx_gpio.o(.text)
    GPIO_Init                                0x08003a09   Thumb Code   144  stm32f4xx_gpio.o(.text)
    GPIO_StructInit                          0x08003a99   Thumb Code    18  stm32f4xx_gpio.o(.text)
    GPIO_PinLockConfig                       0x08003aab   Thumb Code    34  stm32f4xx_gpio.o(.text)
    GPIO_ReadInputDataBit                    0x08003acd   Thumb Code    18  stm32f4xx_gpio.o(.text)
    GPIO_ReadInputData                       0x08003adf   Thumb Code     8  stm32f4xx_gpio.o(.text)
    GPIO_ReadOutputDataBit                   0x08003ae7   Thumb Code    18  stm32f4xx_gpio.o(.text)
    GPIO_ReadOutputData                      0x08003af9   Thumb Code     8  stm32f4xx_gpio.o(.text)
    GPIO_SetBits                             0x08003b01   Thumb Code     4  stm32f4xx_gpio.o(.text)
    GPIO_ResetBits                           0x08003b05   Thumb Code     4  stm32f4xx_gpio.o(.text)
    GPIO_WriteBit                            0x08003b09   Thumb Code    10  stm32f4xx_gpio.o(.text)
    GPIO_Write                               0x08003b13   Thumb Code     4  stm32f4xx_gpio.o(.text)
    GPIO_ToggleBits                          0x08003b17   Thumb Code     8  stm32f4xx_gpio.o(.text)
    GPIO_PinAFConfig                         0x08003b1f   Thumb Code    70  stm32f4xx_gpio.o(.text)
    RCC_DeInit                               0x08003b89   Thumb Code    60  stm32f4xx_rcc.o(.text)
    RCC_HSEConfig                            0x08003bc5   Thumb Code    14  stm32f4xx_rcc.o(.text)
    RCC_GetFlagStatus                        0x08003bd3   Thumb Code    60  stm32f4xx_rcc.o(.text)
    RCC_WaitForHSEStartUp                    0x08003c0f   Thumb Code    56  stm32f4xx_rcc.o(.text)
    RCC_AdjustHSICalibrationValue            0x08003c47   Thumb Code    20  stm32f4xx_rcc.o(.text)
    RCC_HSICmd                               0x08003c5b   Thumb Code     6  stm32f4xx_rcc.o(.text)
    RCC_LSEConfig                            0x08003c61   Thumb Code    46  stm32f4xx_rcc.o(.text)
    RCC_LSICmd                               0x08003c8f   Thumb Code     6  stm32f4xx_rcc.o(.text)
    RCC_PLLConfig                            0x08003c95   Thumb Code    32  stm32f4xx_rcc.o(.text)
    RCC_PLLCmd                               0x08003cb5   Thumb Code     6  stm32f4xx_rcc.o(.text)
    RCC_PLLI2SConfig                         0x08003cbb   Thumb Code    14  stm32f4xx_rcc.o(.text)
    RCC_PLLI2SCmd                            0x08003cc9   Thumb Code     6  stm32f4xx_rcc.o(.text)
    RCC_ClockSecuritySystemCmd               0x08003ccf   Thumb Code     6  stm32f4xx_rcc.o(.text)
    RCC_MCO1Config                           0x08003cd5   Thumb Code    28  stm32f4xx_rcc.o(.text)
    RCC_MCO2Config                           0x08003cf1   Thumb Code    28  stm32f4xx_rcc.o(.text)
    RCC_SYSCLKConfig                         0x08003d0d   Thumb Code    20  stm32f4xx_rcc.o(.text)
    RCC_GetSYSCLKSource                      0x08003d21   Thumb Code    12  stm32f4xx_rcc.o(.text)
    RCC_HCLKConfig                           0x08003d2d   Thumb Code    20  stm32f4xx_rcc.o(.text)
    RCC_PCLK1Config                          0x08003d41   Thumb Code    20  stm32f4xx_rcc.o(.text)
    RCC_PCLK2Config                          0x08003d55   Thumb Code    22  stm32f4xx_rcc.o(.text)
    RCC_GetClocksFreq                        0x08003d6b   Thumb Code   222  stm32f4xx_rcc.o(.text)
    RCC_RTCCLKConfig                         0x08003e49   Thumb Code    54  stm32f4xx_rcc.o(.text)
    RCC_RTCCLKCmd                            0x08003e7f   Thumb Code     8  stm32f4xx_rcc.o(.text)
    RCC_BackupResetCmd                       0x08003e87   Thumb Code     8  stm32f4xx_rcc.o(.text)
    RCC_I2SCLKConfig                         0x08003e8f   Thumb Code     6  stm32f4xx_rcc.o(.text)
    RCC_AHB1PeriphClockCmd                   0x08003e95   Thumb Code    34  stm32f4xx_rcc.o(.text)
    RCC_AHB2PeriphClockCmd                   0x08003eb7   Thumb Code    34  stm32f4xx_rcc.o(.text)
    RCC_AHB3PeriphClockCmd                   0x08003ed9   Thumb Code    34  stm32f4xx_rcc.o(.text)
    RCC_APB1PeriphClockCmd                   0x08003efb   Thumb Code    34  stm32f4xx_rcc.o(.text)
    RCC_APB2PeriphClockCmd                   0x08003f1d   Thumb Code    34  stm32f4xx_rcc.o(.text)
    RCC_AHB1PeriphResetCmd                   0x08003f3f   Thumb Code    34  stm32f4xx_rcc.o(.text)
    RCC_AHB2PeriphResetCmd                   0x08003f61   Thumb Code    72  stm32f4xx_rcc.o(.text)
    RCC_AHB3PeriphResetCmd                   0x08003fa9   Thumb Code    34  stm32f4xx_rcc.o(.text)
    RCC_APB1PeriphResetCmd                   0x08003fcb   Thumb Code    34  stm32f4xx_rcc.o(.text)
    RCC_APB2PeriphResetCmd                   0x08003fed   Thumb Code    34  stm32f4xx_rcc.o(.text)
    RCC_AHB1PeriphClockLPModeCmd             0x0800400f   Thumb Code    34  stm32f4xx_rcc.o(.text)
    RCC_AHB2PeriphClockLPModeCmd             0x08004031   Thumb Code    34  stm32f4xx_rcc.o(.text)
    RCC_AHB3PeriphClockLPModeCmd             0x08004053   Thumb Code    34  stm32f4xx_rcc.o(.text)
    RCC_APB1PeriphClockLPModeCmd             0x08004075   Thumb Code    34  stm32f4xx_rcc.o(.text)
    RCC_APB2PeriphClockLPModeCmd             0x08004097   Thumb Code    34  stm32f4xx_rcc.o(.text)
    RCC_ITConfig                             0x080040b9   Thumb Code    34  stm32f4xx_rcc.o(.text)
    RCC_ClearFlag                            0x080040db   Thumb Code    18  stm32f4xx_rcc.o(.text)
    RCC_GetITStatus                          0x080040ed   Thumb Code    22  stm32f4xx_rcc.o(.text)
    RCC_ClearITPendingBit                    0x08004103   Thumb Code     8  stm32f4xx_rcc.o(.text)
    USART_DeInit                             0x08004111   Thumb Code   156  stm32f4xx_usart.o(.text)
    USART_Init                               0x080041ad   Thumb Code   204  stm32f4xx_usart.o(.text)
    USART_StructInit                         0x08004279   Thumb Code    24  stm32f4xx_usart.o(.text)
    USART_ClockInit                          0x08004291   Thumb Code    32  stm32f4xx_usart.o(.text)
    USART_ClockStructInit                    0x080042b1   Thumb Code    12  stm32f4xx_usart.o(.text)
    USART_Cmd                                0x080042bd   Thumb Code    24  stm32f4xx_usart.o(.text)
    USART_SetPrescaler                       0x080042d5   Thumb Code    16  stm32f4xx_usart.o(.text)
    USART_OverSampling8Cmd                   0x080042e5   Thumb Code    22  stm32f4xx_usart.o(.text)
    USART_OneBitMethodCmd                    0x080042fb   Thumb Code    24  stm32f4xx_usart.o(.text)
    USART_SendData                           0x08004313   Thumb Code     8  stm32f4xx_usart.o(.text)
    USART_ReceiveData                        0x0800431b   Thumb Code    10  stm32f4xx_usart.o(.text)
    USART_SetAddress                         0x08004325   Thumb Code    18  stm32f4xx_usart.o(.text)
    USART_ReceiverWakeUpCmd                  0x08004337   Thumb Code    24  stm32f4xx_usart.o(.text)
    USART_WakeUpConfig                       0x0800434f   Thumb Code    18  stm32f4xx_usart.o(.text)
    USART_LINBreakDetectLengthConfig         0x08004361   Thumb Code    18  stm32f4xx_usart.o(.text)
    USART_LINCmd                             0x08004373   Thumb Code    24  stm32f4xx_usart.o(.text)
    USART_SendBreak                          0x0800438b   Thumb Code    10  stm32f4xx_usart.o(.text)
    USART_HalfDuplexCmd                      0x08004395   Thumb Code    24  stm32f4xx_usart.o(.text)
    USART_SetGuardTime                       0x080043ad   Thumb Code    16  stm32f4xx_usart.o(.text)
    USART_SmartCardCmd                       0x080043bd   Thumb Code    24  stm32f4xx_usart.o(.text)
    USART_SmartCardNACKCmd                   0x080043d5   Thumb Code    24  stm32f4xx_usart.o(.text)
    USART_IrDAConfig                         0x080043ed   Thumb Code    18  stm32f4xx_usart.o(.text)
    USART_IrDACmd                            0x080043ff   Thumb Code    24  stm32f4xx_usart.o(.text)
    USART_DMACmd                             0x08004417   Thumb Code    18  stm32f4xx_usart.o(.text)
    USART_ITConfig                           0x08004429   Thumb Code    74  stm32f4xx_usart.o(.text)
    USART_GetFlagStatus                      0x08004473   Thumb Code    26  stm32f4xx_usart.o(.text)
    USART_ClearFlag                          0x0800448d   Thumb Code    18  stm32f4xx_usart.o(.text)
    USART_GetITStatus                        0x0800449f   Thumb Code   110  stm32f4xx_usart.o(.text)
    USART_ClearITPendingBit                  0x0800450d   Thumb Code    30  stm32f4xx_usart.o(.text)
    SystemInit                               0x08004609   Thumb Code    74  system_stm32f4xx.o(.text)
    SystemCoreClockUpdate                    0x08004653   Thumb Code   174  system_stm32f4xx.o(.text)
    __aeabi_uldivmod                         0x0800472d   Thumb Code    98  uldiv.o(.text)
    __aeabi_llsl                             0x0800478f   Thumb Code    30  llshl.o(.text)
    _ll_shift_l                              0x0800478f   Thumb Code     0  llshl.o(.text)
    __aeabi_llsr                             0x080047ad   Thumb Code    32  llushr.o(.text)
    _ll_ushift_r                             0x080047ad   Thumb Code     0  llushr.o(.text)
    __scatterload                            0x080047cd   Thumb Code    28  init.o(.text)
    __scatterload_rt2                        0x080047cd   Thumb Code     0  init.o(.text)
    __0printf$5                              0x080047f1   Thumb Code    22  printf5.o(i.__0printf$5)
    __1printf$5                              0x080047f1   Thumb Code     0  printf5.o(i.__0printf$5)
    __2printf                                0x080047f1   Thumb Code     0  printf5.o(i.__0printf$5)
    __scatterload_copy                       0x08004811   Thumb Code    14  handlers.o(i.__scatterload_copy)
    __scatterload_null                       0x0800481f   Thumb Code     2  handlers.o(i.__scatterload_null)
    __scatterload_zeroinit                   0x08004821   Thumb Code    14  handlers.o(i.__scatterload_zeroinit)
    asc2_1206                                0x08004aec   Data        1140  lcd.o(.constdata)
    asc2_1608                                0x08004f60   Data        1520  lcd.o(.constdata)
    F6x8                                     0x08005550   Data         552  oled.o(.constdata)
    F8X16                                    0x08005778   Data        1520  oled.o(.constdata)
    Region$$Table$$Base                      0x08005d68   Number         0  anon$$obj.o(Region$$Table)
    Region$$Table$$Limit                     0x08005d88   Number         0  anon$$obj.o(Region$$Table)
    POINT_COLOR                              0x20000002   Data           2  lcd.o(.data)
    BACK_COLOR                               0x20000004   Data           2  lcd.o(.data)
    SystemCoreClock                          0x2000001c   Data           4  system_stm32f4xx.o(.data)
    AHBPrescTable                            0x20000020   Data          16  system_stm32f4xx.o(.data)
    __stdout                                 0x20000030   Data           4  stdout.o(.data)
    usart1_buffer                            0x20000034   Data          50  uart_state.o(.bss)
    usart2_buffer                            0x20000066   Data          50  uart_state.o(.bss)
    usart3_buffer                            0x20000098   Data          50  uart_state.o(.bss)
    uart_queue                               0x200000cc   Data          20  uart_state.o(.bss)
    lcddev                                   0x200000e0   Data          10  lcd.o(.bss)
    OLED_GRAM                                0x200000ea   Data        1024  oled.o(.bss)
    __initial_sp                             0x200008f0   Data           0  startup_stm32f4xx.o(STACK)



==============================================================================

Memory Map of the image

  Image Entry point : 0x08000189

  Load Region LR_IROM1 (Base: 0x08000000, Size: 0x00005dbc, Max: 0x00100000, ABSOLUTE)

    Execution Region ER_IROM1 (Base: 0x08000000, Size: 0x00005d88, Max: 0x00100000, ABSOLUTE)

    Base Addr    Size         Type   Attr      Idx    E Section Name        Object

    0x08000000   0x00000188   Data   RO          914    RESET               startup_stm32f4xx.o
    0x08000188   0x00000000   Code   RO         1567  * .ARM.Collect$$$$00000000  mc_w.l(entry.o)
    0x08000188   0x00000004   Code   RO         1859    .ARM.Collect$$$$00000001  mc_w.l(entry2.o)
    0x0800018c   0x00000004   Code   RO         1862    .ARM.Collect$$$$00000004  mc_w.l(entry5.o)
    0x08000190   0x00000000   Code   RO         1864    .ARM.Collect$$$$00000008  mc_w.l(entry7b.o)
    0x08000190   0x00000000   Code   RO         1866    .ARM.Collect$$$$0000000A  mc_w.l(entry8b.o)
    0x08000190   0x00000008   Code   RO         1867    .ARM.Collect$$$$0000000B  mc_w.l(entry9a.o)
    0x08000198   0x00000000   Code   RO         1869    .ARM.Collect$$$$0000000D  mc_w.l(entry10a.o)
    0x08000198   0x00000000   Code   RO         1871    .ARM.Collect$$$$0000000F  mc_w.l(entry11a.o)
    0x08000198   0x00000004   Code   RO         1860    .ARM.Collect$$$$00002712  mc_w.l(entry2.o)
    0x0800019c   0x00000014   Code   RO            3    .text               main.o
    0x080001b0   0x0000004c   Code   RO          146    .text               stm32f4xx_it.o
    0x080001fc   0x000000e8   Code   RO          267    .text               application.o
    0x080002e4   0x00000250   Code   RO          480    .text               uart_state.o
    0x08000534   0x000024b0   Code   RO          671    .text               lcd.o
    0x080029e4   0x00000484   Code   RO          728    .text               oled.o
    0x08002e68   0x0000006c   Code   RO          775    .text               bsp.o
    0x08002ed4   0x000000b0   Code   RO          818    .text               myfunction.o
    0x08002f84   0x00000088   Code   RO          844    .text               system_config.o
    0x0800300c   0x00000214   Code   RO          864    .text               usart_config.o
    0x08003220   0x00000024   Code   RO          915    .text               startup_stm32f4xx.o
    0x08003244   0x000000e0   Code   RO          921    .text               misc.o
    0x08003324   0x00000608   Code   RO         1201    .text               stm32f4xx_fsmc.o
    0x0800392c   0x0000025c   Code   RO         1221    .text               stm32f4xx_gpio.o
    0x08003b88   0x00000588   Code   RO         1361    .text               stm32f4xx_rcc.o
    0x08004110   0x0000041a   Code   RO         1503    .text               stm32f4xx_usart.o
    0x0800452a   0x00000002   PAD
    0x0800452c   0x00000200   Code   RO         1543    .text               system_stm32f4xx.o
    0x0800472c   0x00000062   Code   RO         1876    .text               mc_w.l(uldiv.o)
    0x0800478e   0x0000001e   Code   RO         1878    .text               mc_w.l(llshl.o)
    0x080047ac   0x00000020   Code   RO         1880    .text               mc_w.l(llushr.o)
    0x080047cc   0x00000024   Code   RO         1893    .text               mc_w.l(init.o)
    0x080047f0   0x00000020   Code   RO         1705    i.__0printf$5       mc_w.l(printf5.o)
    0x08004810   0x0000000e   Code   RO         1897    i.__scatterload_copy  mc_w.l(handlers.o)
    0x0800481e   0x00000002   Code   RO         1898    i.__scatterload_null  mc_w.l(handlers.o)
    0x08004820   0x0000000e   Code   RO         1899    i.__scatterload_zeroinit  mc_w.l(handlers.o)
    0x0800482e   0x00000002   PAD
    0x08004830   0x000002bc   Code   RO         1712    i._printf_core      mc_w.l(printf5.o)
    0x08004aec   0x00000a64   Data   RO          673    .constdata          lcd.o
    0x08005550   0x00000818   Data   RO          730    .constdata          oled.o
    0x08005d68   0x00000020   Data   RO         1895    Region$$Table       anon$$obj.o


    Execution Region RW_IRAM1 (Base: 0x20000000, Size: 0x000008f0, Max: 0x00020000, ABSOLUTE)

    Base Addr    Size         Type   Attr      Idx    E Section Name        Object

    0x20000000   0x00000002   Data   RW          482    .data               uart_state.o
    0x20000002   0x00000004   Data   RW          674    .data               lcd.o
    0x20000006   0x00000002   PAD
    0x20000008   0x00000004   Data   RW          819    .data               myfunction.o
    0x2000000c   0x00000010   Data   RW         1362    .data               stm32f4xx_rcc.o
    0x2000001c   0x00000014   Data   RW         1544    .data               system_stm32f4xx.o
    0x20000030   0x00000004   Data   RW         1873    .data               mc_w.l(stdout.o)
    0x20000034   0x000000ac   Zero   RW          481    .bss                uart_state.o
    0x200000e0   0x0000000a   Zero   RW          672    .bss                lcd.o
    0x200000ea   0x00000400   Zero   RW          729    .bss                oled.o
    0x200004ea   0x00000006   PAD
    0x200004f0   0x00000400   Zero   RW          912    STACK               startup_stm32f4xx.o


==============================================================================

Image component sizes


      Code (inc. data)   RO Data    RW Data    ZI Data      Debug   Object Name

       232         26          0          0          0        841   application.o
       108          4          0          0          0        797   bsp.o
         0          0          0          0          0     242004   filter.o
      9392        124       2660          4         10      15916   lcd.o
        20          0          0          0          0     220215   main.o
       224         20          0          0          0       1757   misc.o
       176         22          0          4          0      28270   myfunction.o
      1156         36       2072          0       1024       4381   oled.o
        36          8        392          0       1024        784   startup_stm32f4xx.o
      1544         14          0          0          0       5299   stm32f4xx_fsmc.o
       604         36          0          0          0       3857   stm32f4xx_gpio.o
        76          6          0          0          0     222632   stm32f4xx_it.o
      1416         48          0         16          0      10803   stm32f4xx_rcc.o
      1050         26          0          0          0       7564   stm32f4xx_usart.o
       136          6          0          0          0        513   system_config.o
       512         44          0         20          0       1695   system_stm32f4xx.o
       592         34          0          2        172       2511   uart_state.o
       532         10          0          0          0       2484   usart_config.o

    ----------------------------------------------------------------------
     17808        464       5156         48       2236     772323   Object Totals
         0          0         32          0          0          0   (incl. Generated)
         2          0          0          2          6          0   (incl. Padding)

    ----------------------------------------------------------------------

      Code (inc. data)   RO Data    RW Data    ZI Data      Debug   Library Member Name

         0          0          0          0          0          0   entry.o
         0          0          0          0          0          0   entry10a.o
         0          0          0          0          0          0   entry11a.o
         8          4          0          0          0          0   entry2.o
         4          0          0          0          0          0   entry5.o
         0          0          0          0          0          0   entry7b.o
         0          0          0          0          0          0   entry8b.o
         8          4          0          0          0          0   entry9a.o
        30          0          0          0          0          0   handlers.o
        36          8          0          0          0         68   init.o
        30          0          0          0          0         68   llshl.o
        32          0          0          0          0         68   llushr.o
       732         56          0          0          0        184   printf5.o
         0          0          0          4          0          0   stdout.o
        98          0          0          0          0         92   uldiv.o

    ----------------------------------------------------------------------
       980         72          0          4          0        480   Library Totals
         2          0          0          0          0          0   (incl. Padding)

    ----------------------------------------------------------------------

      Code (inc. data)   RO Data    RW Data    ZI Data      Debug   Library Name

       978         72          0          4          0        480   mc_w.l

    ----------------------------------------------------------------------
       980         72          0          4          0        480   Library Totals

    ----------------------------------------------------------------------

==============================================================================


      Code (inc. data)   RO Data    RW Data    ZI Data      Debug   

     18788        536       5156         52       2236     771291   Grand Totals
     18788        536       5156         52       2236     771291   ELF Image Totals
     18788        536       5156         52          0          0   ROM Totals

==============================================================================

    Total RO  Size (Code + RO Data)                23944 (  23.38kB)
    Total RW  Size (RW Data + ZI Data)              2288 (   2.23kB)
    Total ROM Size (Code + RO Data + RW Data)      23996 (  23.43kB)

==============================================================================

